================================================================
== Vivado RTL Synthesis Results
================================================================
+ General Information:
    * Date:            Sat Dec 28 13:04:32 MST 2024
    * Version:         2024.2 (Build 5238294 on Nov  8 2024)
    * Project:         fir_filter_vitis
    * Solution:        hls (Vivado IP Flow Target)
    * Product family:  zynq
    * Target device:   xc7z020-clg400-1


================================================================
== Run Constraints & Options
================================================================
+ Design Constraints & Options:
    * RTL Synthesis target clock:  20 ns
    * C-Synthesis target clock:    20 ns
    * C-Synthesis uncertainty:     27%

+ RTL Synthesis Options:
    * config_export -vivado_synth_strategy:     default
    * config_export -vivado_synth_design_args:  -directive sdx_optimization_effort_high

+ Reporting Options:
    * config_export -vivado_report_level:      2
    * config_export -vivado_max_timing_paths:  10


================================================================
== RTL Synthesis Resource Summary
================================================================
LUT:              9815
FF:               18792
DSP:              150
BRAM:             2
URAM:             0
SRL:              296


================================================================
== RTL Synthesis Timing Summary
================================================================
* Timing was met
+----------------+-------------+
| Timing         | Period (ns) |
+----------------+-------------+
| Target         | 20.000      |
| Post-Synthesis | 12.736      |
+----------------+-------------+


================================================================
== RTL Synthesis Resources
================================================================
+-------------------------------------------------+------+-------+-----+------+------+-----+--------+------+---------+----------+--------+
| Name                                            | LUT  | FF    | DSP | BRAM | URAM | SRL | Pragma | Impl | Latency | Variable | Source |
+-------------------------------------------------+------+-------+-----+------+------+-----+--------+------+---------+----------+--------+
| inst                                            | 9815 | 18792 | 150 | 2    |      |     |        |      |         |          |        |
|   (inst)                                        | 20   | 6550  |     |      |      |     |        |      |         |          |        |
|   CTRL_s_axi_U                                  | 254  | 277   |     |      |      |     |        |      |         |          |        |
|   gmem_m_axi_U                                  | 1467 | 1923  |     | 2    |      |     |        |      |         |          |        |
|   grp_fir_opt_Pipeline_CO_EFFICIENTS_fu_908     | 95   | 17    |     |      |      |     |        |      |         |          |        |
|     (grp_fir_opt_Pipeline_CO_EFFICIENTS_fu_908) | 78   | 15    |     |      |      |     |        |      |         |          |        |
|   grp_fir_opt_Pipeline_SWEEP_fu_1113            | 7979 | 10025 | 150 |      |      |     |        |      |         |          |        |
|     (grp_fir_opt_Pipeline_SWEEP_fu_1113)        | 608  | 10023 | 1   |      |      |     |        |      |         |          |        |
|     mul_32s_32s_32_1_1_U102                     | 111  |       | 3   |      |      |     |        |      |         |          |        |
|     mul_32s_32s_32_1_1_U103                     | 79   |       | 3   |      |      |     |        |      |         |          |        |
|     mul_32s_32s_32_1_1_U104                     | 80   |       | 3   |      |      |     |        |      |         |          |        |
|     mul_32s_32s_32_1_1_U105                     | 79   |       | 3   |      |      |     |        |      |         |          |        |
|     mul_32s_32s_32_1_1_U106                     | 141  |       | 3   |      |      |     |        |      |         |          |        |
|     mul_32s_32s_32_1_1_U107                     | 111  |       | 3   |      |      |     |        |      |         |          |        |
|     mul_32s_32s_32_1_1_U108                     | 120  |       | 2   |      |      |     |        |      |         |          |        |
|     mul_32s_32s_32_1_1_U109                     | 79   |       | 3   |      |      |     |        |      |         |          |        |
|     mul_32s_32s_32_1_1_U110                     | 110  |       | 3   |      |      |     |        |      |         |          |        |
|     mul_32s_32s_32_1_1_U111                     | 111  |       | 3   |      |      |     |        |      |         |          |        |
|     mul_32s_32s_32_1_1_U112                     | 111  |       | 3   |      |      |     |        |      |         |          |        |
|     mul_32s_32s_32_1_1_U113                     | 80   |       | 3   |      |      |     |        |      |         |          |        |
|     mul_32s_32s_32_1_1_U114                     | 80   |       | 3   |      |      |     |        |      |         |          |        |
|     mul_32s_32s_32_1_1_U115                     | 79   |       | 3   |      |      |     |        |      |         |          |        |
|     mul_32s_32s_32_1_1_U116                     | 111  |       | 3   |      |      |     |        |      |         |          |        |
|     mul_32s_32s_32_1_1_U117                     | 142  |       | 3   |      |      |     |        |      |         |          |        |
|     mul_32s_32s_32_1_1_U118                     | 79   |       | 3   |      |      |     |        |      |         |          |        |
|     mul_32s_32s_32_1_1_U119                     | 111  |       | 3   |      |      |     |        |      |         |          |        |
|     mul_32s_32s_32_1_1_U120                     | 110  |       | 3   |      |      |     |        |      |         |          |        |
|     mul_32s_32s_32_1_1_U121                     | 111  |       | 3   |      |      |     |        |      |         |          |        |
|     mul_32s_32s_32_1_1_U122                     | 80   |       | 3   |      |      |     |        |      |         |          |        |
|     mul_32s_32s_32_1_1_U123                     | 80   |       | 3   |      |      |     |        |      |         |          |        |
|     mul_32s_32s_32_1_1_U124                     | 142  |       | 3   |      |      |     |        |      |         |          |        |
|     mul_32s_32s_32_1_1_U125                     | 80   |       | 3   |      |      |     |        |      |         |          |        |
|     mul_32s_32s_32_1_1_U126                     | 111  |       | 3   |      |      |     |        |      |         |          |        |
|     mul_32s_32s_32_1_1_U127                     | 79   |       | 3   |      |      |     |        |      |         |          |        |
|     mul_32s_32s_32_1_1_U128                     | 110  |       | 3   |      |      |     |        |      |         |          |        |
|     mul_32s_32s_32_1_1_U129                     | 110  |       | 3   |      |      |     |        |      |         |          |        |
|     mul_32s_32s_32_1_1_U130                     | 112  |       | 3   |      |      |     |        |      |         |          |        |
|     mul_32s_32s_32_1_1_U131                     | 79   |       | 3   |      |      |     |        |      |         |          |        |
|     mul_32s_32s_32_1_1_U132                     | 110  |       | 3   |      |      |     |        |      |         |          |        |
|     mul_32s_32s_32_1_1_U133                     | 111  |       | 3   |      |      |     |        |      |         |          |        |
|     mul_32s_32s_32_1_1_U134                     | 112  |       | 3   |      |      |     |        |      |         |          |        |
|     mul_32s_32s_32_1_1_U135                     | 141  |       | 3   |      |      |     |        |      |         |          |        |
|     mul_32s_32s_32_1_1_U136                     | 79   |       | 3   |      |      |     |        |      |         |          |        |
|     mul_32s_32s_32_1_1_U137                     | 79   |       | 3   |      |      |     |        |      |         |          |        |
|     mul_32s_32s_32_1_1_U138                     | 111  |       | 3   |      |      |     |        |      |         |          |        |
|     mul_32s_32s_32_1_1_U139                     | 112  |       | 3   |      |      |     |        |      |         |          |        |
|     mul_32s_32s_32_1_1_U140                     | 111  |       | 3   |      |      |     |        |      |         |          |        |
|     mul_32s_32s_32_1_1_U141                     | 142  |       | 3   |      |      |     |        |      |         |          |        |
|     mul_32s_32s_32_1_1_U142                     | 112  |       | 3   |      |      |     |        |      |         |          |        |
|     mul_32s_32s_32_1_1_U143                     | 111  |       | 3   |      |      |     |        |      |         |          |        |
|     mul_32s_32s_32_1_1_U144                     | 80   |       | 3   |      |      |     |        |      |         |          |        |
|     mul_32s_32s_32_1_1_U145                     | 112  |       | 3   |      |      |     |        |      |         |          |        |
|     mul_32s_32s_32_1_1_U146                     | 111  |       | 3   |      |      |     |        |      |         |          |        |
|     mul_32s_32s_32_1_1_U147                     | 110  |       | 3   |      |      |     |        |      |         |          |        |
|     mul_32s_32s_32_1_1_U148                     | 112  |       | 3   |      |      |     |        |      |         |          |        |
|     mul_32s_32s_32_1_1_U149                     | 110  |       | 3   |      |      |     |        |      |         |          |        |
|     mul_32s_32s_32_1_1_U150                     | 111  |       | 3   |      |      |     |        |      |         |          |        |
|     mul_32s_32s_32_1_1_U151                     | 48   |       | 3   |      |      |     |        |      |         |          |        |
+-------------------------------------------------+------+-------+-----+------+------+-----+--------+------+---------+----------+--------+


================================================================
== RTL Synthesis Fail Fast
================================================================
+-----------------------------------------------------------+-----------+--------+--------+
| Criteria                                                  | Guideline | Actual | Status |
+-----------------------------------------------------------+-----------+--------+--------+
| LUT                                                       | 70%       | 18.45% | OK     |
| FD                                                        | 50%       | 17.66% | OK     |
| LUTRAM+SRL                                                | 25%       | 1.70%  | OK     |
| MUXF7                                                     | 15%       | 0.00%  | OK     |
| DSP                                                       | 80%       | 68.18% | OK     |
| RAMB/FIFO                                                 | 80%       | 0.71%  | OK     |
| DSP+RAMB+URAM (Avg)                                       | 70%       | 34.45% | OK     |
| BUFGCE* + BUFGCTRL                                        | 24        | 0      | OK     |
| DONT_TOUCH (cells/nets)                                   | 0         | 0      | OK     |
| MARK_DEBUG (nets)                                         | 0         | 0      | OK     |
| Control Sets                                              | 998       | 184    | OK     |
| Average Fanout for modules > 100k cells                   | 4         | 2.38   | OK     |
| Max Average Fanout for modules > 100k cells               | 4         | 0      | OK     |
| Non-FD high fanout nets > 10k loads                       | 0         | 0      | OK     |
+-----------------------------------------------------------+-----------+--------+--------+
| TIMING-6 (No common primary clock between related clocks) | 0         | 0      | OK     |
| TIMING-7 (No common node between related clocks)          | 0         | 0      | OK     |
| TIMING-8 (No common period between related clocks)        | 0         | 0      | OK     |
| TIMING-14 (LUT on the clock tree)                         | 0         | 0      | OK     |
| TIMING-35 (No common node in paths with the same clock)   | 0         | 0      | OK     |
+-----------------------------------------------------------+-----------+--------+--------+
| Number of paths above max LUT budgeting (0.575ns)         | 0         | 0      | OK     |
| Number of paths above max Net budgeting (0.403ns)         | 0         | 0      | OK     |
+-----------------------------------------------------------+-----------+--------+--------+


================================================================
== RTL Synthesis Timing Paths
================================================================
* Timing was met
+-------+-------+------------------------------------------------------------------+-------------------------------------------------------------------+--------------+------------+----------------+----------------+--------------+
| Path  | SLACK | STARTPOINT PIN                                                   | ENDPOINT PIN                                                      | LOGIC LEVELS | MAX FANOUT | DATAPATH DELAY | DATAPATH LOGIC | DATAPATH NET |
|       |       |                                                                  |                                                                   |              |            |                |          DELAY |        DELAY |
+-------+-------+------------------------------------------------------------------+-------------------------------------------------------------------+--------------+------------+----------------+----------------+--------------+
| Path1 | 7.264 | grp_fir_opt_Pipeline_SWEEP_fu_1113/ap_enable_reg_pp0_iter1_reg/C | grp_fir_opt_Pipeline_SWEEP_fu_1113/add_ln43_14_reg_6974_reg[29]/D |           11 |       3150 |         12.761 |          8.771 |        3.990 |
| Path2 | 7.264 | grp_fir_opt_Pipeline_SWEEP_fu_1113/ap_enable_reg_pp0_iter1_reg/C | grp_fir_opt_Pipeline_SWEEP_fu_1113/add_ln43_19_reg_6613_reg[29]/D |           11 |       3150 |         12.761 |          8.771 |        3.990 |
| Path3 | 7.264 | grp_fir_opt_Pipeline_SWEEP_fu_1113/ap_enable_reg_pp0_iter1_reg/C | grp_fir_opt_Pipeline_SWEEP_fu_1113/add_ln43_31_reg_6999_reg[29]/D |           11 |       3150 |         12.761 |          8.771 |        3.990 |
| Path4 | 7.264 | grp_fir_opt_Pipeline_SWEEP_fu_1113/ap_enable_reg_pp0_iter1_reg/C | grp_fir_opt_Pipeline_SWEEP_fu_1113/add_ln43_35_reg_7004_reg[29]/D |           11 |       3150 |         12.761 |          8.771 |        3.990 |
| Path5 | 7.264 | grp_fir_opt_Pipeline_SWEEP_fu_1113/ap_enable_reg_pp0_iter1_reg/C | grp_fir_opt_Pipeline_SWEEP_fu_1113/add_ln43_37_reg_7009_reg[29]/D |           11 |       3150 |         12.761 |          8.771 |        3.990 |
+-------+-------+------------------------------------------------------------------+-------------------------------------------------------------------+--------------+------------+----------------+----------------+--------------+

    +---------------------------------------------------------------------------------------------+----------------------+
    | Path1 Cells                                                                                 | Primitive Type       |
    +---------------------------------------------------------------------------------------------+----------------------+
    | grp_fir_opt_Pipeline_SWEEP_fu_1113/ap_enable_reg_pp0_iter1_reg                              | FLOP_LATCH.flop.FDRE |
    | grp_fir_opt_Pipeline_SWEEP_fu_1113/mul_32s_32s_32_1_1_U140/tmp_product__0_i_1__11           | LUT.others.LUT4      |
    | grp_fir_opt_Pipeline_SWEEP_fu_1113/mul_32s_32s_32_1_1_U140/tmp_product__0                   | MULT.dsp.DSP48E1     |
    | grp_fir_opt_Pipeline_SWEEP_fu_1113/mul_32s_32s_32_1_1_U140/tmp_product__1                   | MULT.dsp.DSP48E1     |
    | grp_fir_opt_Pipeline_SWEEP_fu_1113/mul_32s_32s_32_1_1_U140/tmp_product_carry_i_3__22        | LUT.others.LUT2      |
    | grp_fir_opt_Pipeline_SWEEP_fu_1113/mul_32s_32s_32_1_1_U140/tmp_product_carry                | CARRY.others.CARRY4  |
    | grp_fir_opt_Pipeline_SWEEP_fu_1113/mul_32s_32s_32_1_1_U140/tmp_product_carry__0             | CARRY.others.CARRY4  |
    | grp_fir_opt_Pipeline_SWEEP_fu_1113/mul_32s_32s_32_1_1_U140/tmp_product_carry__1             | CARRY.others.CARRY4  |
    | grp_fir_opt_Pipeline_SWEEP_fu_1113/mul_32s_32s_32_1_1_U140/add_ln43_14_reg_6974[27]_i_2     | LUT.others.LUT3      |
    | grp_fir_opt_Pipeline_SWEEP_fu_1113/mul_32s_32s_32_1_1_U140/add_ln43_14_reg_6974[27]_i_6     | LUT.others.LUT4      |
    | grp_fir_opt_Pipeline_SWEEP_fu_1113/mul_32s_32s_32_1_1_U140/add_ln43_14_reg_6974_reg[27]_i_1 | CARRY.others.CARRY4  |
    | grp_fir_opt_Pipeline_SWEEP_fu_1113/mul_32s_32s_32_1_1_U140/add_ln43_14_reg_6974_reg[31]_i_1 | CARRY.others.CARRY4  |
    | grp_fir_opt_Pipeline_SWEEP_fu_1113/add_ln43_14_reg_6974_reg[29]                             | FLOP_LATCH.flop.FDRE |
    | grp_fir_opt_Pipeline_SWEEP_fu_1113/ap_enable_reg_pp0_iter1_reg                              | FLOP_LATCH.flop.FDRE |
    | grp_fir_opt_Pipeline_SWEEP_fu_1113/mul_32s_32s_32_1_1_U135/tmp_product__0_i_1__18           | LUT.others.LUT4      |
    | grp_fir_opt_Pipeline_SWEEP_fu_1113/mul_32s_32s_32_1_1_U135/tmp_product__0                   | MULT.dsp.DSP48E1     |
    | grp_fir_opt_Pipeline_SWEEP_fu_1113/mul_32s_32s_32_1_1_U135/tmp_product__1                   | MULT.dsp.DSP48E1     |
    | grp_fir_opt_Pipeline_SWEEP_fu_1113/mul_32s_32s_32_1_1_U135/tmp_product_carry_i_3__6         | LUT.others.LUT2      |
    | grp_fir_opt_Pipeline_SWEEP_fu_1113/mul_32s_32s_32_1_1_U135/tmp_product_carry                | CARRY.others.CARRY4  |
    | grp_fir_opt_Pipeline_SWEEP_fu_1113/mul_32s_32s_32_1_1_U135/tmp_product_carry__0             | CARRY.others.CARRY4  |
    | grp_fir_opt_Pipeline_SWEEP_fu_1113/mul_32s_32s_32_1_1_U135/tmp_product_carry__1             | CARRY.others.CARRY4  |
    | grp_fir_opt_Pipeline_SWEEP_fu_1113/mul_32s_32s_32_1_1_U135/add_ln43_19_reg_6613[27]_i_2     | LUT.others.LUT3      |
    | grp_fir_opt_Pipeline_SWEEP_fu_1113/mul_32s_32s_32_1_1_U135/add_ln43_19_reg_6613[27]_i_6     | LUT.others.LUT4      |
    | grp_fir_opt_Pipeline_SWEEP_fu_1113/mul_32s_32s_32_1_1_U135/add_ln43_19_reg_6613_reg[27]_i_1 | CARRY.others.CARRY4  |
    | grp_fir_opt_Pipeline_SWEEP_fu_1113/mul_32s_32s_32_1_1_U135/add_ln43_19_reg_6613_reg[31]_i_1 | CARRY.others.CARRY4  |
    | grp_fir_opt_Pipeline_SWEEP_fu_1113/add_ln43_19_reg_6613_reg[29]                             | FLOP_LATCH.flop.FDRE |
    | grp_fir_opt_Pipeline_SWEEP_fu_1113/ap_enable_reg_pp0_iter1_reg                              | FLOP_LATCH.flop.FDRE |
    | grp_fir_opt_Pipeline_SWEEP_fu_1113/mul_32s_32s_32_1_1_U106/tmp_product__0_i_1__28           | LUT.others.LUT4      |
    | grp_fir_opt_Pipeline_SWEEP_fu_1113/mul_32s_32s_32_1_1_U106/tmp_product__0                   | MULT.dsp.DSP48E1     |
    | grp_fir_opt_Pipeline_SWEEP_fu_1113/mul_32s_32s_32_1_1_U106/tmp_product__1                   | MULT.dsp.DSP48E1     |
    | grp_fir_opt_Pipeline_SWEEP_fu_1113/mul_32s_32s_32_1_1_U106/tmp_product_carry_i_3__36        | LUT.others.LUT2      |
    | grp_fir_opt_Pipeline_SWEEP_fu_1113/mul_32s_32s_32_1_1_U106/tmp_product_carry                | CARRY.others.CARRY4  |
    | grp_fir_opt_Pipeline_SWEEP_fu_1113/mul_32s_32s_32_1_1_U106/tmp_product_carry__0             | CARRY.others.CARRY4  |
    | grp_fir_opt_Pipeline_SWEEP_fu_1113/mul_32s_32s_32_1_1_U106/tmp_product_carry__1             | CARRY.others.CARRY4  |
    | grp_fir_opt_Pipeline_SWEEP_fu_1113/mul_32s_32s_32_1_1_U106/add_ln43_31_reg_6999[27]_i_2     | LUT.others.LUT3      |
    | grp_fir_opt_Pipeline_SWEEP_fu_1113/mul_32s_32s_32_1_1_U106/add_ln43_31_reg_6999[27]_i_6     | LUT.others.LUT4      |
    | grp_fir_opt_Pipeline_SWEEP_fu_1113/mul_32s_32s_32_1_1_U106/add_ln43_31_reg_6999_reg[27]_i_1 | CARRY.others.CARRY4  |
    | grp_fir_opt_Pipeline_SWEEP_fu_1113/mul_32s_32s_32_1_1_U106/add_ln43_31_reg_6999_reg[31]_i_1 | CARRY.others.CARRY4  |
    | grp_fir_opt_Pipeline_SWEEP_fu_1113/add_ln43_31_reg_6999_reg[29]                             | FLOP_LATCH.flop.FDRE |
    | grp_fir_opt_Pipeline_SWEEP_fu_1113/ap_enable_reg_pp0_iter1_reg                              | FLOP_LATCH.flop.FDRE |
    | grp_fir_opt_Pipeline_SWEEP_fu_1113/mul_32s_32s_32_1_1_U117/tmp_product__0_i_1__31           | LUT.others.LUT4      |
    | grp_fir_opt_Pipeline_SWEEP_fu_1113/mul_32s_32s_32_1_1_U117/tmp_product__0                   | MULT.dsp.DSP48E1     |
    | grp_fir_opt_Pipeline_SWEEP_fu_1113/mul_32s_32s_32_1_1_U117/tmp_product__1                   | MULT.dsp.DSP48E1     |
    | grp_fir_opt_Pipeline_SWEEP_fu_1113/mul_32s_32s_32_1_1_U117/tmp_product_carry_i_3__38        | LUT.others.LUT2      |
    | grp_fir_opt_Pipeline_SWEEP_fu_1113/mul_32s_32s_32_1_1_U117/tmp_product_carry                | CARRY.others.CARRY4  |
    | grp_fir_opt_Pipeline_SWEEP_fu_1113/mul_32s_32s_32_1_1_U117/tmp_product_carry__0             | CARRY.others.CARRY4  |
    | grp_fir_opt_Pipeline_SWEEP_fu_1113/mul_32s_32s_32_1_1_U117/tmp_product_carry__1             | CARRY.others.CARRY4  |
    | grp_fir_opt_Pipeline_SWEEP_fu_1113/mul_32s_32s_32_1_1_U117/add_ln43_35_reg_7004[27]_i_2     | LUT.others.LUT3      |
    | grp_fir_opt_Pipeline_SWEEP_fu_1113/mul_32s_32s_32_1_1_U117/add_ln43_35_reg_7004[27]_i_6     | LUT.others.LUT4      |
    | grp_fir_opt_Pipeline_SWEEP_fu_1113/mul_32s_32s_32_1_1_U117/add_ln43_35_reg_7004_reg[27]_i_1 | CARRY.others.CARRY4  |
    | grp_fir_opt_Pipeline_SWEEP_fu_1113/mul_32s_32s_32_1_1_U117/add_ln43_35_reg_7004_reg[31]_i_1 | CARRY.others.CARRY4  |
    | grp_fir_opt_Pipeline_SWEEP_fu_1113/add_ln43_35_reg_7004_reg[29]                             | FLOP_LATCH.flop.FDRE |
    | grp_fir_opt_Pipeline_SWEEP_fu_1113/ap_enable_reg_pp0_iter1_reg                              | FLOP_LATCH.flop.FDRE |
    | grp_fir_opt_Pipeline_SWEEP_fu_1113/mul_32s_32s_32_1_1_U135/tmp_product__0_i_1__18           | LUT.others.LUT4      |
    | grp_fir_opt_Pipeline_SWEEP_fu_1113/mul_32s_32s_32_1_1_U135/tmp_product__0                   | MULT.dsp.DSP48E1     |
    | grp_fir_opt_Pipeline_SWEEP_fu_1113/mul_32s_32s_32_1_1_U135/tmp_product__1                   | MULT.dsp.DSP48E1     |
    | grp_fir_opt_Pipeline_SWEEP_fu_1113/mul_32s_32s_32_1_1_U135/tmp_product_carry_i_3__6         | LUT.others.LUT2      |
    | grp_fir_opt_Pipeline_SWEEP_fu_1113/mul_32s_32s_32_1_1_U135/tmp_product_carry                | CARRY.others.CARRY4  |
    | grp_fir_opt_Pipeline_SWEEP_fu_1113/mul_32s_32s_32_1_1_U135/tmp_product_carry__0             | CARRY.others.CARRY4  |
    | grp_fir_opt_Pipeline_SWEEP_fu_1113/mul_32s_32s_32_1_1_U135/tmp_product_carry__1             | CARRY.others.CARRY4  |
    | grp_fir_opt_Pipeline_SWEEP_fu_1113/mul_32s_32s_32_1_1_U135/add_ln43_37_reg_7009[27]_i_2     | LUT.others.LUT3      |
    | grp_fir_opt_Pipeline_SWEEP_fu_1113/mul_32s_32s_32_1_1_U135/add_ln43_37_reg_7009[27]_i_6     | LUT.others.LUT4      |
    | grp_fir_opt_Pipeline_SWEEP_fu_1113/mul_32s_32s_32_1_1_U135/add_ln43_37_reg_7009_reg[27]_i_1 | CARRY.others.CARRY4  |
    | grp_fir_opt_Pipeline_SWEEP_fu_1113/mul_32s_32s_32_1_1_U135/add_ln43_37_reg_7009_reg[31]_i_1 | CARRY.others.CARRY4  |
    | grp_fir_opt_Pipeline_SWEEP_fu_1113/add_ln43_37_reg_7009_reg[29]                             | FLOP_LATCH.flop.FDRE |
    +---------------------------------------------------------------------------------------------+----------------------+

    +---------------------------------------------------------------------------------------------+----------------------+
    | Path2 Cells                                                                                 | Primitive Type       |
    +---------------------------------------------------------------------------------------------+----------------------+
    | grp_fir_opt_Pipeline_SWEEP_fu_1113/ap_enable_reg_pp0_iter1_reg                              | FLOP_LATCH.flop.FDRE |
    | grp_fir_opt_Pipeline_SWEEP_fu_1113/mul_32s_32s_32_1_1_U140/tmp_product__0_i_1__11           | LUT.others.LUT4      |
    | grp_fir_opt_Pipeline_SWEEP_fu_1113/mul_32s_32s_32_1_1_U140/tmp_product__0                   | MULT.dsp.DSP48E1     |
    | grp_fir_opt_Pipeline_SWEEP_fu_1113/mul_32s_32s_32_1_1_U140/tmp_product__1                   | MULT.dsp.DSP48E1     |
    | grp_fir_opt_Pipeline_SWEEP_fu_1113/mul_32s_32s_32_1_1_U140/tmp_product_carry_i_3__22        | LUT.others.LUT2      |
    | grp_fir_opt_Pipeline_SWEEP_fu_1113/mul_32s_32s_32_1_1_U140/tmp_product_carry                | CARRY.others.CARRY4  |
    | grp_fir_opt_Pipeline_SWEEP_fu_1113/mul_32s_32s_32_1_1_U140/tmp_product_carry__0             | CARRY.others.CARRY4  |
    | grp_fir_opt_Pipeline_SWEEP_fu_1113/mul_32s_32s_32_1_1_U140/tmp_product_carry__1             | CARRY.others.CARRY4  |
    | grp_fir_opt_Pipeline_SWEEP_fu_1113/mul_32s_32s_32_1_1_U140/add_ln43_14_reg_6974[27]_i_2     | LUT.others.LUT3      |
    | grp_fir_opt_Pipeline_SWEEP_fu_1113/mul_32s_32s_32_1_1_U140/add_ln43_14_reg_6974[27]_i_6     | LUT.others.LUT4      |
    | grp_fir_opt_Pipeline_SWEEP_fu_1113/mul_32s_32s_32_1_1_U140/add_ln43_14_reg_6974_reg[27]_i_1 | CARRY.others.CARRY4  |
    | grp_fir_opt_Pipeline_SWEEP_fu_1113/mul_32s_32s_32_1_1_U140/add_ln43_14_reg_6974_reg[31]_i_1 | CARRY.others.CARRY4  |
    | grp_fir_opt_Pipeline_SWEEP_fu_1113/add_ln43_14_reg_6974_reg[29]                             | FLOP_LATCH.flop.FDRE |
    | grp_fir_opt_Pipeline_SWEEP_fu_1113/ap_enable_reg_pp0_iter1_reg                              | FLOP_LATCH.flop.FDRE |
    | grp_fir_opt_Pipeline_SWEEP_fu_1113/mul_32s_32s_32_1_1_U135/tmp_product__0_i_1__18           | LUT.others.LUT4      |
    | grp_fir_opt_Pipeline_SWEEP_fu_1113/mul_32s_32s_32_1_1_U135/tmp_product__0                   | MULT.dsp.DSP48E1     |
    | grp_fir_opt_Pipeline_SWEEP_fu_1113/mul_32s_32s_32_1_1_U135/tmp_product__1                   | MULT.dsp.DSP48E1     |
    | grp_fir_opt_Pipeline_SWEEP_fu_1113/mul_32s_32s_32_1_1_U135/tmp_product_carry_i_3__6         | LUT.others.LUT2      |
    | grp_fir_opt_Pipeline_SWEEP_fu_1113/mul_32s_32s_32_1_1_U135/tmp_product_carry                | CARRY.others.CARRY4  |
    | grp_fir_opt_Pipeline_SWEEP_fu_1113/mul_32s_32s_32_1_1_U135/tmp_product_carry__0             | CARRY.others.CARRY4  |
    | grp_fir_opt_Pipeline_SWEEP_fu_1113/mul_32s_32s_32_1_1_U135/tmp_product_carry__1             | CARRY.others.CARRY4  |
    | grp_fir_opt_Pipeline_SWEEP_fu_1113/mul_32s_32s_32_1_1_U135/add_ln43_19_reg_6613[27]_i_2     | LUT.others.LUT3      |
    | grp_fir_opt_Pipeline_SWEEP_fu_1113/mul_32s_32s_32_1_1_U135/add_ln43_19_reg_6613[27]_i_6     | LUT.others.LUT4      |
    | grp_fir_opt_Pipeline_SWEEP_fu_1113/mul_32s_32s_32_1_1_U135/add_ln43_19_reg_6613_reg[27]_i_1 | CARRY.others.CARRY4  |
    | grp_fir_opt_Pipeline_SWEEP_fu_1113/mul_32s_32s_32_1_1_U135/add_ln43_19_reg_6613_reg[31]_i_1 | CARRY.others.CARRY4  |
    | grp_fir_opt_Pipeline_SWEEP_fu_1113/add_ln43_19_reg_6613_reg[29]                             | FLOP_LATCH.flop.FDRE |
    | grp_fir_opt_Pipeline_SWEEP_fu_1113/ap_enable_reg_pp0_iter1_reg                              | FLOP_LATCH.flop.FDRE |
    | grp_fir_opt_Pipeline_SWEEP_fu_1113/mul_32s_32s_32_1_1_U106/tmp_product__0_i_1__28           | LUT.others.LUT4      |
    | grp_fir_opt_Pipeline_SWEEP_fu_1113/mul_32s_32s_32_1_1_U106/tmp_product__0                   | MULT.dsp.DSP48E1     |
    | grp_fir_opt_Pipeline_SWEEP_fu_1113/mul_32s_32s_32_1_1_U106/tmp_product__1                   | MULT.dsp.DSP48E1     |
    | grp_fir_opt_Pipeline_SWEEP_fu_1113/mul_32s_32s_32_1_1_U106/tmp_product_carry_i_3__36        | LUT.others.LUT2      |
    | grp_fir_opt_Pipeline_SWEEP_fu_1113/mul_32s_32s_32_1_1_U106/tmp_product_carry                | CARRY.others.CARRY4  |
    | grp_fir_opt_Pipeline_SWEEP_fu_1113/mul_32s_32s_32_1_1_U106/tmp_product_carry__0             | CARRY.others.CARRY4  |
    | grp_fir_opt_Pipeline_SWEEP_fu_1113/mul_32s_32s_32_1_1_U106/tmp_product_carry__1             | CARRY.others.CARRY4  |
    | grp_fir_opt_Pipeline_SWEEP_fu_1113/mul_32s_32s_32_1_1_U106/add_ln43_31_reg_6999[27]_i_2     | LUT.others.LUT3      |
    | grp_fir_opt_Pipeline_SWEEP_fu_1113/mul_32s_32s_32_1_1_U106/add_ln43_31_reg_6999[27]_i_6     | LUT.others.LUT4      |
    | grp_fir_opt_Pipeline_SWEEP_fu_1113/mul_32s_32s_32_1_1_U106/add_ln43_31_reg_6999_reg[27]_i_1 | CARRY.others.CARRY4  |
    | grp_fir_opt_Pipeline_SWEEP_fu_1113/mul_32s_32s_32_1_1_U106/add_ln43_31_reg_6999_reg[31]_i_1 | CARRY.others.CARRY4  |
    | grp_fir_opt_Pipeline_SWEEP_fu_1113/add_ln43_31_reg_6999_reg[29]                             | FLOP_LATCH.flop.FDRE |
    | grp_fir_opt_Pipeline_SWEEP_fu_1113/ap_enable_reg_pp0_iter1_reg                              | FLOP_LATCH.flop.FDRE |
    | grp_fir_opt_Pipeline_SWEEP_fu_1113/mul_32s_32s_32_1_1_U117/tmp_product__0_i_1__31           | LUT.others.LUT4      |
    | grp_fir_opt_Pipeline_SWEEP_fu_1113/mul_32s_32s_32_1_1_U117/tmp_product__0                   | MULT.dsp.DSP48E1     |
    | grp_fir_opt_Pipeline_SWEEP_fu_1113/mul_32s_32s_32_1_1_U117/tmp_product__1                   | MULT.dsp.DSP48E1     |
    | grp_fir_opt_Pipeline_SWEEP_fu_1113/mul_32s_32s_32_1_1_U117/tmp_product_carry_i_3__38        | LUT.others.LUT2      |
    | grp_fir_opt_Pipeline_SWEEP_fu_1113/mul_32s_32s_32_1_1_U117/tmp_product_carry                | CARRY.others.CARRY4  |
    | grp_fir_opt_Pipeline_SWEEP_fu_1113/mul_32s_32s_32_1_1_U117/tmp_product_carry__0             | CARRY.others.CARRY4  |
    | grp_fir_opt_Pipeline_SWEEP_fu_1113/mul_32s_32s_32_1_1_U117/tmp_product_carry__1             | CARRY.others.CARRY4  |
    | grp_fir_opt_Pipeline_SWEEP_fu_1113/mul_32s_32s_32_1_1_U117/add_ln43_35_reg_7004[27]_i_2     | LUT.others.LUT3      |
    | grp_fir_opt_Pipeline_SWEEP_fu_1113/mul_32s_32s_32_1_1_U117/add_ln43_35_reg_7004[27]_i_6     | LUT.others.LUT4      |
    | grp_fir_opt_Pipeline_SWEEP_fu_1113/mul_32s_32s_32_1_1_U117/add_ln43_35_reg_7004_reg[27]_i_1 | CARRY.others.CARRY4  |
    | grp_fir_opt_Pipeline_SWEEP_fu_1113/mul_32s_32s_32_1_1_U117/add_ln43_35_reg_7004_reg[31]_i_1 | CARRY.others.CARRY4  |
    | grp_fir_opt_Pipeline_SWEEP_fu_1113/add_ln43_35_reg_7004_reg[29]                             | FLOP_LATCH.flop.FDRE |
    | grp_fir_opt_Pipeline_SWEEP_fu_1113/ap_enable_reg_pp0_iter1_reg                              | FLOP_LATCH.flop.FDRE |
    | grp_fir_opt_Pipeline_SWEEP_fu_1113/mul_32s_32s_32_1_1_U135/tmp_product__0_i_1__18           | LUT.others.LUT4      |
    | grp_fir_opt_Pipeline_SWEEP_fu_1113/mul_32s_32s_32_1_1_U135/tmp_product__0                   | MULT.dsp.DSP48E1     |
    | grp_fir_opt_Pipeline_SWEEP_fu_1113/mul_32s_32s_32_1_1_U135/tmp_product__1                   | MULT.dsp.DSP48E1     |
    | grp_fir_opt_Pipeline_SWEEP_fu_1113/mul_32s_32s_32_1_1_U135/tmp_product_carry_i_3__6         | LUT.others.LUT2      |
    | grp_fir_opt_Pipeline_SWEEP_fu_1113/mul_32s_32s_32_1_1_U135/tmp_product_carry                | CARRY.others.CARRY4  |
    | grp_fir_opt_Pipeline_SWEEP_fu_1113/mul_32s_32s_32_1_1_U135/tmp_product_carry__0             | CARRY.others.CARRY4  |
    | grp_fir_opt_Pipeline_SWEEP_fu_1113/mul_32s_32s_32_1_1_U135/tmp_product_carry__1             | CARRY.others.CARRY4  |
    | grp_fir_opt_Pipeline_SWEEP_fu_1113/mul_32s_32s_32_1_1_U135/add_ln43_37_reg_7009[27]_i_2     | LUT.others.LUT3      |
    | grp_fir_opt_Pipeline_SWEEP_fu_1113/mul_32s_32s_32_1_1_U135/add_ln43_37_reg_7009[27]_i_6     | LUT.others.LUT4      |
    | grp_fir_opt_Pipeline_SWEEP_fu_1113/mul_32s_32s_32_1_1_U135/add_ln43_37_reg_7009_reg[27]_i_1 | CARRY.others.CARRY4  |
    | grp_fir_opt_Pipeline_SWEEP_fu_1113/mul_32s_32s_32_1_1_U135/add_ln43_37_reg_7009_reg[31]_i_1 | CARRY.others.CARRY4  |
    | grp_fir_opt_Pipeline_SWEEP_fu_1113/add_ln43_37_reg_7009_reg[29]                             | FLOP_LATCH.flop.FDRE |
    +---------------------------------------------------------------------------------------------+----------------------+

    +---------------------------------------------------------------------------------------------+----------------------+
    | Path3 Cells                                                                                 | Primitive Type       |
    +---------------------------------------------------------------------------------------------+----------------------+
    | grp_fir_opt_Pipeline_SWEEP_fu_1113/ap_enable_reg_pp0_iter1_reg                              | FLOP_LATCH.flop.FDRE |
    | grp_fir_opt_Pipeline_SWEEP_fu_1113/mul_32s_32s_32_1_1_U140/tmp_product__0_i_1__11           | LUT.others.LUT4      |
    | grp_fir_opt_Pipeline_SWEEP_fu_1113/mul_32s_32s_32_1_1_U140/tmp_product__0                   | MULT.dsp.DSP48E1     |
    | grp_fir_opt_Pipeline_SWEEP_fu_1113/mul_32s_32s_32_1_1_U140/tmp_product__1                   | MULT.dsp.DSP48E1     |
    | grp_fir_opt_Pipeline_SWEEP_fu_1113/mul_32s_32s_32_1_1_U140/tmp_product_carry_i_3__22        | LUT.others.LUT2      |
    | grp_fir_opt_Pipeline_SWEEP_fu_1113/mul_32s_32s_32_1_1_U140/tmp_product_carry                | CARRY.others.CARRY4  |
    | grp_fir_opt_Pipeline_SWEEP_fu_1113/mul_32s_32s_32_1_1_U140/tmp_product_carry__0             | CARRY.others.CARRY4  |
    | grp_fir_opt_Pipeline_SWEEP_fu_1113/mul_32s_32s_32_1_1_U140/tmp_product_carry__1             | CARRY.others.CARRY4  |
    | grp_fir_opt_Pipeline_SWEEP_fu_1113/mul_32s_32s_32_1_1_U140/add_ln43_14_reg_6974[27]_i_2     | LUT.others.LUT3      |
    | grp_fir_opt_Pipeline_SWEEP_fu_1113/mul_32s_32s_32_1_1_U140/add_ln43_14_reg_6974[27]_i_6     | LUT.others.LUT4      |
    | grp_fir_opt_Pipeline_SWEEP_fu_1113/mul_32s_32s_32_1_1_U140/add_ln43_14_reg_6974_reg[27]_i_1 | CARRY.others.CARRY4  |
    | grp_fir_opt_Pipeline_SWEEP_fu_1113/mul_32s_32s_32_1_1_U140/add_ln43_14_reg_6974_reg[31]_i_1 | CARRY.others.CARRY4  |
    | grp_fir_opt_Pipeline_SWEEP_fu_1113/add_ln43_14_reg_6974_reg[29]                             | FLOP_LATCH.flop.FDRE |
    | grp_fir_opt_Pipeline_SWEEP_fu_1113/ap_enable_reg_pp0_iter1_reg                              | FLOP_LATCH.flop.FDRE |
    | grp_fir_opt_Pipeline_SWEEP_fu_1113/mul_32s_32s_32_1_1_U135/tmp_product__0_i_1__18           | LUT.others.LUT4      |
    | grp_fir_opt_Pipeline_SWEEP_fu_1113/mul_32s_32s_32_1_1_U135/tmp_product__0                   | MULT.dsp.DSP48E1     |
    | grp_fir_opt_Pipeline_SWEEP_fu_1113/mul_32s_32s_32_1_1_U135/tmp_product__1                   | MULT.dsp.DSP48E1     |
    | grp_fir_opt_Pipeline_SWEEP_fu_1113/mul_32s_32s_32_1_1_U135/tmp_product_carry_i_3__6         | LUT.others.LUT2      |
    | grp_fir_opt_Pipeline_SWEEP_fu_1113/mul_32s_32s_32_1_1_U135/tmp_product_carry                | CARRY.others.CARRY4  |
    | grp_fir_opt_Pipeline_SWEEP_fu_1113/mul_32s_32s_32_1_1_U135/tmp_product_carry__0             | CARRY.others.CARRY4  |
    | grp_fir_opt_Pipeline_SWEEP_fu_1113/mul_32s_32s_32_1_1_U135/tmp_product_carry__1             | CARRY.others.CARRY4  |
    | grp_fir_opt_Pipeline_SWEEP_fu_1113/mul_32s_32s_32_1_1_U135/add_ln43_19_reg_6613[27]_i_2     | LUT.others.LUT3      |
    | grp_fir_opt_Pipeline_SWEEP_fu_1113/mul_32s_32s_32_1_1_U135/add_ln43_19_reg_6613[27]_i_6     | LUT.others.LUT4      |
    | grp_fir_opt_Pipeline_SWEEP_fu_1113/mul_32s_32s_32_1_1_U135/add_ln43_19_reg_6613_reg[27]_i_1 | CARRY.others.CARRY4  |
    | grp_fir_opt_Pipeline_SWEEP_fu_1113/mul_32s_32s_32_1_1_U135/add_ln43_19_reg_6613_reg[31]_i_1 | CARRY.others.CARRY4  |
    | grp_fir_opt_Pipeline_SWEEP_fu_1113/add_ln43_19_reg_6613_reg[29]                             | FLOP_LATCH.flop.FDRE |
    | grp_fir_opt_Pipeline_SWEEP_fu_1113/ap_enable_reg_pp0_iter1_reg                              | FLOP_LATCH.flop.FDRE |
    | grp_fir_opt_Pipeline_SWEEP_fu_1113/mul_32s_32s_32_1_1_U106/tmp_product__0_i_1__28           | LUT.others.LUT4      |
    | grp_fir_opt_Pipeline_SWEEP_fu_1113/mul_32s_32s_32_1_1_U106/tmp_product__0                   | MULT.dsp.DSP48E1     |
    | grp_fir_opt_Pipeline_SWEEP_fu_1113/mul_32s_32s_32_1_1_U106/tmp_product__1                   | MULT.dsp.DSP48E1     |
    | grp_fir_opt_Pipeline_SWEEP_fu_1113/mul_32s_32s_32_1_1_U106/tmp_product_carry_i_3__36        | LUT.others.LUT2      |
    | grp_fir_opt_Pipeline_SWEEP_fu_1113/mul_32s_32s_32_1_1_U106/tmp_product_carry                | CARRY.others.CARRY4  |
    | grp_fir_opt_Pipeline_SWEEP_fu_1113/mul_32s_32s_32_1_1_U106/tmp_product_carry__0             | CARRY.others.CARRY4  |
    | grp_fir_opt_Pipeline_SWEEP_fu_1113/mul_32s_32s_32_1_1_U106/tmp_product_carry__1             | CARRY.others.CARRY4  |
    | grp_fir_opt_Pipeline_SWEEP_fu_1113/mul_32s_32s_32_1_1_U106/add_ln43_31_reg_6999[27]_i_2     | LUT.others.LUT3      |
    | grp_fir_opt_Pipeline_SWEEP_fu_1113/mul_32s_32s_32_1_1_U106/add_ln43_31_reg_6999[27]_i_6     | LUT.others.LUT4      |
    | grp_fir_opt_Pipeline_SWEEP_fu_1113/mul_32s_32s_32_1_1_U106/add_ln43_31_reg_6999_reg[27]_i_1 | CARRY.others.CARRY4  |
    | grp_fir_opt_Pipeline_SWEEP_fu_1113/mul_32s_32s_32_1_1_U106/add_ln43_31_reg_6999_reg[31]_i_1 | CARRY.others.CARRY4  |
    | grp_fir_opt_Pipeline_SWEEP_fu_1113/add_ln43_31_reg_6999_reg[29]                             | FLOP_LATCH.flop.FDRE |
    | grp_fir_opt_Pipeline_SWEEP_fu_1113/ap_enable_reg_pp0_iter1_reg                              | FLOP_LATCH.flop.FDRE |
    | grp_fir_opt_Pipeline_SWEEP_fu_1113/mul_32s_32s_32_1_1_U117/tmp_product__0_i_1__31           | LUT.others.LUT4      |
    | grp_fir_opt_Pipeline_SWEEP_fu_1113/mul_32s_32s_32_1_1_U117/tmp_product__0                   | MULT.dsp.DSP48E1     |
    | grp_fir_opt_Pipeline_SWEEP_fu_1113/mul_32s_32s_32_1_1_U117/tmp_product__1                   | MULT.dsp.DSP48E1     |
    | grp_fir_opt_Pipeline_SWEEP_fu_1113/mul_32s_32s_32_1_1_U117/tmp_product_carry_i_3__38        | LUT.others.LUT2      |
    | grp_fir_opt_Pipeline_SWEEP_fu_1113/mul_32s_32s_32_1_1_U117/tmp_product_carry                | CARRY.others.CARRY4  |
    | grp_fir_opt_Pipeline_SWEEP_fu_1113/mul_32s_32s_32_1_1_U117/tmp_product_carry__0             | CARRY.others.CARRY4  |
    | grp_fir_opt_Pipeline_SWEEP_fu_1113/mul_32s_32s_32_1_1_U117/tmp_product_carry__1             | CARRY.others.CARRY4  |
    | grp_fir_opt_Pipeline_SWEEP_fu_1113/mul_32s_32s_32_1_1_U117/add_ln43_35_reg_7004[27]_i_2     | LUT.others.LUT3      |
    | grp_fir_opt_Pipeline_SWEEP_fu_1113/mul_32s_32s_32_1_1_U117/add_ln43_35_reg_7004[27]_i_6     | LUT.others.LUT4      |
    | grp_fir_opt_Pipeline_SWEEP_fu_1113/mul_32s_32s_32_1_1_U117/add_ln43_35_reg_7004_reg[27]_i_1 | CARRY.others.CARRY4  |
    | grp_fir_opt_Pipeline_SWEEP_fu_1113/mul_32s_32s_32_1_1_U117/add_ln43_35_reg_7004_reg[31]_i_1 | CARRY.others.CARRY4  |
    | grp_fir_opt_Pipeline_SWEEP_fu_1113/add_ln43_35_reg_7004_reg[29]                             | FLOP_LATCH.flop.FDRE |
    | grp_fir_opt_Pipeline_SWEEP_fu_1113/ap_enable_reg_pp0_iter1_reg                              | FLOP_LATCH.flop.FDRE |
    | grp_fir_opt_Pipeline_SWEEP_fu_1113/mul_32s_32s_32_1_1_U135/tmp_product__0_i_1__18           | LUT.others.LUT4      |
    | grp_fir_opt_Pipeline_SWEEP_fu_1113/mul_32s_32s_32_1_1_U135/tmp_product__0                   | MULT.dsp.DSP48E1     |
    | grp_fir_opt_Pipeline_SWEEP_fu_1113/mul_32s_32s_32_1_1_U135/tmp_product__1                   | MULT.dsp.DSP48E1     |
    | grp_fir_opt_Pipeline_SWEEP_fu_1113/mul_32s_32s_32_1_1_U135/tmp_product_carry_i_3__6         | LUT.others.LUT2      |
    | grp_fir_opt_Pipeline_SWEEP_fu_1113/mul_32s_32s_32_1_1_U135/tmp_product_carry                | CARRY.others.CARRY4  |
    | grp_fir_opt_Pipeline_SWEEP_fu_1113/mul_32s_32s_32_1_1_U135/tmp_product_carry__0             | CARRY.others.CARRY4  |
    | grp_fir_opt_Pipeline_SWEEP_fu_1113/mul_32s_32s_32_1_1_U135/tmp_product_carry__1             | CARRY.others.CARRY4  |
    | grp_fir_opt_Pipeline_SWEEP_fu_1113/mul_32s_32s_32_1_1_U135/add_ln43_37_reg_7009[27]_i_2     | LUT.others.LUT3      |
    | grp_fir_opt_Pipeline_SWEEP_fu_1113/mul_32s_32s_32_1_1_U135/add_ln43_37_reg_7009[27]_i_6     | LUT.others.LUT4      |
    | grp_fir_opt_Pipeline_SWEEP_fu_1113/mul_32s_32s_32_1_1_U135/add_ln43_37_reg_7009_reg[27]_i_1 | CARRY.others.CARRY4  |
    | grp_fir_opt_Pipeline_SWEEP_fu_1113/mul_32s_32s_32_1_1_U135/add_ln43_37_reg_7009_reg[31]_i_1 | CARRY.others.CARRY4  |
    | grp_fir_opt_Pipeline_SWEEP_fu_1113/add_ln43_37_reg_7009_reg[29]                             | FLOP_LATCH.flop.FDRE |
    +---------------------------------------------------------------------------------------------+----------------------+

    +---------------------------------------------------------------------------------------------+----------------------+
    | Path4 Cells                                                                                 | Primitive Type       |
    +---------------------------------------------------------------------------------------------+----------------------+
    | grp_fir_opt_Pipeline_SWEEP_fu_1113/ap_enable_reg_pp0_iter1_reg                              | FLOP_LATCH.flop.FDRE |
    | grp_fir_opt_Pipeline_SWEEP_fu_1113/mul_32s_32s_32_1_1_U140/tmp_product__0_i_1__11           | LUT.others.LUT4      |
    | grp_fir_opt_Pipeline_SWEEP_fu_1113/mul_32s_32s_32_1_1_U140/tmp_product__0                   | MULT.dsp.DSP48E1     |
    | grp_fir_opt_Pipeline_SWEEP_fu_1113/mul_32s_32s_32_1_1_U140/tmp_product__1                   | MULT.dsp.DSP48E1     |
    | grp_fir_opt_Pipeline_SWEEP_fu_1113/mul_32s_32s_32_1_1_U140/tmp_product_carry_i_3__22        | LUT.others.LUT2      |
    | grp_fir_opt_Pipeline_SWEEP_fu_1113/mul_32s_32s_32_1_1_U140/tmp_product_carry                | CARRY.others.CARRY4  |
    | grp_fir_opt_Pipeline_SWEEP_fu_1113/mul_32s_32s_32_1_1_U140/tmp_product_carry__0             | CARRY.others.CARRY4  |
    | grp_fir_opt_Pipeline_SWEEP_fu_1113/mul_32s_32s_32_1_1_U140/tmp_product_carry__1             | CARRY.others.CARRY4  |
    | grp_fir_opt_Pipeline_SWEEP_fu_1113/mul_32s_32s_32_1_1_U140/add_ln43_14_reg_6974[27]_i_2     | LUT.others.LUT3      |
    | grp_fir_opt_Pipeline_SWEEP_fu_1113/mul_32s_32s_32_1_1_U140/add_ln43_14_reg_6974[27]_i_6     | LUT.others.LUT4      |
    | grp_fir_opt_Pipeline_SWEEP_fu_1113/mul_32s_32s_32_1_1_U140/add_ln43_14_reg_6974_reg[27]_i_1 | CARRY.others.CARRY4  |
    | grp_fir_opt_Pipeline_SWEEP_fu_1113/mul_32s_32s_32_1_1_U140/add_ln43_14_reg_6974_reg[31]_i_1 | CARRY.others.CARRY4  |
    | grp_fir_opt_Pipeline_SWEEP_fu_1113/add_ln43_14_reg_6974_reg[29]                             | FLOP_LATCH.flop.FDRE |
    | grp_fir_opt_Pipeline_SWEEP_fu_1113/ap_enable_reg_pp0_iter1_reg                              | FLOP_LATCH.flop.FDRE |
    | grp_fir_opt_Pipeline_SWEEP_fu_1113/mul_32s_32s_32_1_1_U135/tmp_product__0_i_1__18           | LUT.others.LUT4      |
    | grp_fir_opt_Pipeline_SWEEP_fu_1113/mul_32s_32s_32_1_1_U135/tmp_product__0                   | MULT.dsp.DSP48E1     |
    | grp_fir_opt_Pipeline_SWEEP_fu_1113/mul_32s_32s_32_1_1_U135/tmp_product__1                   | MULT.dsp.DSP48E1     |
    | grp_fir_opt_Pipeline_SWEEP_fu_1113/mul_32s_32s_32_1_1_U135/tmp_product_carry_i_3__6         | LUT.others.LUT2      |
    | grp_fir_opt_Pipeline_SWEEP_fu_1113/mul_32s_32s_32_1_1_U135/tmp_product_carry                | CARRY.others.CARRY4  |
    | grp_fir_opt_Pipeline_SWEEP_fu_1113/mul_32s_32s_32_1_1_U135/tmp_product_carry__0             | CARRY.others.CARRY4  |
    | grp_fir_opt_Pipeline_SWEEP_fu_1113/mul_32s_32s_32_1_1_U135/tmp_product_carry__1             | CARRY.others.CARRY4  |
    | grp_fir_opt_Pipeline_SWEEP_fu_1113/mul_32s_32s_32_1_1_U135/add_ln43_19_reg_6613[27]_i_2     | LUT.others.LUT3      |
    | grp_fir_opt_Pipeline_SWEEP_fu_1113/mul_32s_32s_32_1_1_U135/add_ln43_19_reg_6613[27]_i_6     | LUT.others.LUT4      |
    | grp_fir_opt_Pipeline_SWEEP_fu_1113/mul_32s_32s_32_1_1_U135/add_ln43_19_reg_6613_reg[27]_i_1 | CARRY.others.CARRY4  |
    | grp_fir_opt_Pipeline_SWEEP_fu_1113/mul_32s_32s_32_1_1_U135/add_ln43_19_reg_6613_reg[31]_i_1 | CARRY.others.CARRY4  |
    | grp_fir_opt_Pipeline_SWEEP_fu_1113/add_ln43_19_reg_6613_reg[29]                             | FLOP_LATCH.flop.FDRE |
    | grp_fir_opt_Pipeline_SWEEP_fu_1113/ap_enable_reg_pp0_iter1_reg                              | FLOP_LATCH.flop.FDRE |
    | grp_fir_opt_Pipeline_SWEEP_fu_1113/mul_32s_32s_32_1_1_U106/tmp_product__0_i_1__28           | LUT.others.LUT4      |
    | grp_fir_opt_Pipeline_SWEEP_fu_1113/mul_32s_32s_32_1_1_U106/tmp_product__0                   | MULT.dsp.DSP48E1     |
    | grp_fir_opt_Pipeline_SWEEP_fu_1113/mul_32s_32s_32_1_1_U106/tmp_product__1                   | MULT.dsp.DSP48E1     |
    | grp_fir_opt_Pipeline_SWEEP_fu_1113/mul_32s_32s_32_1_1_U106/tmp_product_carry_i_3__36        | LUT.others.LUT2      |
    | grp_fir_opt_Pipeline_SWEEP_fu_1113/mul_32s_32s_32_1_1_U106/tmp_product_carry                | CARRY.others.CARRY4  |
    | grp_fir_opt_Pipeline_SWEEP_fu_1113/mul_32s_32s_32_1_1_U106/tmp_product_carry__0             | CARRY.others.CARRY4  |
    | grp_fir_opt_Pipeline_SWEEP_fu_1113/mul_32s_32s_32_1_1_U106/tmp_product_carry__1             | CARRY.others.CARRY4  |
    | grp_fir_opt_Pipeline_SWEEP_fu_1113/mul_32s_32s_32_1_1_U106/add_ln43_31_reg_6999[27]_i_2     | LUT.others.LUT3      |
    | grp_fir_opt_Pipeline_SWEEP_fu_1113/mul_32s_32s_32_1_1_U106/add_ln43_31_reg_6999[27]_i_6     | LUT.others.LUT4      |
    | grp_fir_opt_Pipeline_SWEEP_fu_1113/mul_32s_32s_32_1_1_U106/add_ln43_31_reg_6999_reg[27]_i_1 | CARRY.others.CARRY4  |
    | grp_fir_opt_Pipeline_SWEEP_fu_1113/mul_32s_32s_32_1_1_U106/add_ln43_31_reg_6999_reg[31]_i_1 | CARRY.others.CARRY4  |
    | grp_fir_opt_Pipeline_SWEEP_fu_1113/add_ln43_31_reg_6999_reg[29]                             | FLOP_LATCH.flop.FDRE |
    | grp_fir_opt_Pipeline_SWEEP_fu_1113/ap_enable_reg_pp0_iter1_reg                              | FLOP_LATCH.flop.FDRE |
    | grp_fir_opt_Pipeline_SWEEP_fu_1113/mul_32s_32s_32_1_1_U117/tmp_product__0_i_1__31           | LUT.others.LUT4      |
    | grp_fir_opt_Pipeline_SWEEP_fu_1113/mul_32s_32s_32_1_1_U117/tmp_product__0                   | MULT.dsp.DSP48E1     |
    | grp_fir_opt_Pipeline_SWEEP_fu_1113/mul_32s_32s_32_1_1_U117/tmp_product__1                   | MULT.dsp.DSP48E1     |
    | grp_fir_opt_Pipeline_SWEEP_fu_1113/mul_32s_32s_32_1_1_U117/tmp_product_carry_i_3__38        | LUT.others.LUT2      |
    | grp_fir_opt_Pipeline_SWEEP_fu_1113/mul_32s_32s_32_1_1_U117/tmp_product_carry                | CARRY.others.CARRY4  |
    | grp_fir_opt_Pipeline_SWEEP_fu_1113/mul_32s_32s_32_1_1_U117/tmp_product_carry__0             | CARRY.others.CARRY4  |
    | grp_fir_opt_Pipeline_SWEEP_fu_1113/mul_32s_32s_32_1_1_U117/tmp_product_carry__1             | CARRY.others.CARRY4  |
    | grp_fir_opt_Pipeline_SWEEP_fu_1113/mul_32s_32s_32_1_1_U117/add_ln43_35_reg_7004[27]_i_2     | LUT.others.LUT3      |
    | grp_fir_opt_Pipeline_SWEEP_fu_1113/mul_32s_32s_32_1_1_U117/add_ln43_35_reg_7004[27]_i_6     | LUT.others.LUT4      |
    | grp_fir_opt_Pipeline_SWEEP_fu_1113/mul_32s_32s_32_1_1_U117/add_ln43_35_reg_7004_reg[27]_i_1 | CARRY.others.CARRY4  |
    | grp_fir_opt_Pipeline_SWEEP_fu_1113/mul_32s_32s_32_1_1_U117/add_ln43_35_reg_7004_reg[31]_i_1 | CARRY.others.CARRY4  |
    | grp_fir_opt_Pipeline_SWEEP_fu_1113/add_ln43_35_reg_7004_reg[29]                             | FLOP_LATCH.flop.FDRE |
    | grp_fir_opt_Pipeline_SWEEP_fu_1113/ap_enable_reg_pp0_iter1_reg                              | FLOP_LATCH.flop.FDRE |
    | grp_fir_opt_Pipeline_SWEEP_fu_1113/mul_32s_32s_32_1_1_U135/tmp_product__0_i_1__18           | LUT.others.LUT4      |
    | grp_fir_opt_Pipeline_SWEEP_fu_1113/mul_32s_32s_32_1_1_U135/tmp_product__0                   | MULT.dsp.DSP48E1     |
    | grp_fir_opt_Pipeline_SWEEP_fu_1113/mul_32s_32s_32_1_1_U135/tmp_product__1                   | MULT.dsp.DSP48E1     |
    | grp_fir_opt_Pipeline_SWEEP_fu_1113/mul_32s_32s_32_1_1_U135/tmp_product_carry_i_3__6         | LUT.others.LUT2      |
    | grp_fir_opt_Pipeline_SWEEP_fu_1113/mul_32s_32s_32_1_1_U135/tmp_product_carry                | CARRY.others.CARRY4  |
    | grp_fir_opt_Pipeline_SWEEP_fu_1113/mul_32s_32s_32_1_1_U135/tmp_product_carry__0             | CARRY.others.CARRY4  |
    | grp_fir_opt_Pipeline_SWEEP_fu_1113/mul_32s_32s_32_1_1_U135/tmp_product_carry__1             | CARRY.others.CARRY4  |
    | grp_fir_opt_Pipeline_SWEEP_fu_1113/mul_32s_32s_32_1_1_U135/add_ln43_37_reg_7009[27]_i_2     | LUT.others.LUT3      |
    | grp_fir_opt_Pipeline_SWEEP_fu_1113/mul_32s_32s_32_1_1_U135/add_ln43_37_reg_7009[27]_i_6     | LUT.others.LUT4      |
    | grp_fir_opt_Pipeline_SWEEP_fu_1113/mul_32s_32s_32_1_1_U135/add_ln43_37_reg_7009_reg[27]_i_1 | CARRY.others.CARRY4  |
    | grp_fir_opt_Pipeline_SWEEP_fu_1113/mul_32s_32s_32_1_1_U135/add_ln43_37_reg_7009_reg[31]_i_1 | CARRY.others.CARRY4  |
    | grp_fir_opt_Pipeline_SWEEP_fu_1113/add_ln43_37_reg_7009_reg[29]                             | FLOP_LATCH.flop.FDRE |
    +---------------------------------------------------------------------------------------------+----------------------+

    +---------------------------------------------------------------------------------------------+----------------------+
    | Path5 Cells                                                                                 | Primitive Type       |
    +---------------------------------------------------------------------------------------------+----------------------+
    | grp_fir_opt_Pipeline_SWEEP_fu_1113/ap_enable_reg_pp0_iter1_reg                              | FLOP_LATCH.flop.FDRE |
    | grp_fir_opt_Pipeline_SWEEP_fu_1113/mul_32s_32s_32_1_1_U140/tmp_product__0_i_1__11           | LUT.others.LUT4      |
    | grp_fir_opt_Pipeline_SWEEP_fu_1113/mul_32s_32s_32_1_1_U140/tmp_product__0                   | MULT.dsp.DSP48E1     |
    | grp_fir_opt_Pipeline_SWEEP_fu_1113/mul_32s_32s_32_1_1_U140/tmp_product__1                   | MULT.dsp.DSP48E1     |
    | grp_fir_opt_Pipeline_SWEEP_fu_1113/mul_32s_32s_32_1_1_U140/tmp_product_carry_i_3__22        | LUT.others.LUT2      |
    | grp_fir_opt_Pipeline_SWEEP_fu_1113/mul_32s_32s_32_1_1_U140/tmp_product_carry                | CARRY.others.CARRY4  |
    | grp_fir_opt_Pipeline_SWEEP_fu_1113/mul_32s_32s_32_1_1_U140/tmp_product_carry__0             | CARRY.others.CARRY4  |
    | grp_fir_opt_Pipeline_SWEEP_fu_1113/mul_32s_32s_32_1_1_U140/tmp_product_carry__1             | CARRY.others.CARRY4  |
    | grp_fir_opt_Pipeline_SWEEP_fu_1113/mul_32s_32s_32_1_1_U140/add_ln43_14_reg_6974[27]_i_2     | LUT.others.LUT3      |
    | grp_fir_opt_Pipeline_SWEEP_fu_1113/mul_32s_32s_32_1_1_U140/add_ln43_14_reg_6974[27]_i_6     | LUT.others.LUT4      |
    | grp_fir_opt_Pipeline_SWEEP_fu_1113/mul_32s_32s_32_1_1_U140/add_ln43_14_reg_6974_reg[27]_i_1 | CARRY.others.CARRY4  |
    | grp_fir_opt_Pipeline_SWEEP_fu_1113/mul_32s_32s_32_1_1_U140/add_ln43_14_reg_6974_reg[31]_i_1 | CARRY.others.CARRY4  |
    | grp_fir_opt_Pipeline_SWEEP_fu_1113/add_ln43_14_reg_6974_reg[29]                             | FLOP_LATCH.flop.FDRE |
    | grp_fir_opt_Pipeline_SWEEP_fu_1113/ap_enable_reg_pp0_iter1_reg                              | FLOP_LATCH.flop.FDRE |
    | grp_fir_opt_Pipeline_SWEEP_fu_1113/mul_32s_32s_32_1_1_U135/tmp_product__0_i_1__18           | LUT.others.LUT4      |
    | grp_fir_opt_Pipeline_SWEEP_fu_1113/mul_32s_32s_32_1_1_U135/tmp_product__0                   | MULT.dsp.DSP48E1     |
    | grp_fir_opt_Pipeline_SWEEP_fu_1113/mul_32s_32s_32_1_1_U135/tmp_product__1                   | MULT.dsp.DSP48E1     |
    | grp_fir_opt_Pipeline_SWEEP_fu_1113/mul_32s_32s_32_1_1_U135/tmp_product_carry_i_3__6         | LUT.others.LUT2      |
    | grp_fir_opt_Pipeline_SWEEP_fu_1113/mul_32s_32s_32_1_1_U135/tmp_product_carry                | CARRY.others.CARRY4  |
    | grp_fir_opt_Pipeline_SWEEP_fu_1113/mul_32s_32s_32_1_1_U135/tmp_product_carry__0             | CARRY.others.CARRY4  |
    | grp_fir_opt_Pipeline_SWEEP_fu_1113/mul_32s_32s_32_1_1_U135/tmp_product_carry__1             | CARRY.others.CARRY4  |
    | grp_fir_opt_Pipeline_SWEEP_fu_1113/mul_32s_32s_32_1_1_U135/add_ln43_19_reg_6613[27]_i_2     | LUT.others.LUT3      |
    | grp_fir_opt_Pipeline_SWEEP_fu_1113/mul_32s_32s_32_1_1_U135/add_ln43_19_reg_6613[27]_i_6     | LUT.others.LUT4      |
    | grp_fir_opt_Pipeline_SWEEP_fu_1113/mul_32s_32s_32_1_1_U135/add_ln43_19_reg_6613_reg[27]_i_1 | CARRY.others.CARRY4  |
    | grp_fir_opt_Pipeline_SWEEP_fu_1113/mul_32s_32s_32_1_1_U135/add_ln43_19_reg_6613_reg[31]_i_1 | CARRY.others.CARRY4  |
    | grp_fir_opt_Pipeline_SWEEP_fu_1113/add_ln43_19_reg_6613_reg[29]                             | FLOP_LATCH.flop.FDRE |
    | grp_fir_opt_Pipeline_SWEEP_fu_1113/ap_enable_reg_pp0_iter1_reg                              | FLOP_LATCH.flop.FDRE |
    | grp_fir_opt_Pipeline_SWEEP_fu_1113/mul_32s_32s_32_1_1_U106/tmp_product__0_i_1__28           | LUT.others.LUT4      |
    | grp_fir_opt_Pipeline_SWEEP_fu_1113/mul_32s_32s_32_1_1_U106/tmp_product__0                   | MULT.dsp.DSP48E1     |
    | grp_fir_opt_Pipeline_SWEEP_fu_1113/mul_32s_32s_32_1_1_U106/tmp_product__1                   | MULT.dsp.DSP48E1     |
    | grp_fir_opt_Pipeline_SWEEP_fu_1113/mul_32s_32s_32_1_1_U106/tmp_product_carry_i_3__36        | LUT.others.LUT2      |
    | grp_fir_opt_Pipeline_SWEEP_fu_1113/mul_32s_32s_32_1_1_U106/tmp_product_carry                | CARRY.others.CARRY4  |
    | grp_fir_opt_Pipeline_SWEEP_fu_1113/mul_32s_32s_32_1_1_U106/tmp_product_carry__0             | CARRY.others.CARRY4  |
    | grp_fir_opt_Pipeline_SWEEP_fu_1113/mul_32s_32s_32_1_1_U106/tmp_product_carry__1             | CARRY.others.CARRY4  |
    | grp_fir_opt_Pipeline_SWEEP_fu_1113/mul_32s_32s_32_1_1_U106/add_ln43_31_reg_6999[27]_i_2     | LUT.others.LUT3      |
    | grp_fir_opt_Pipeline_SWEEP_fu_1113/mul_32s_32s_32_1_1_U106/add_ln43_31_reg_6999[27]_i_6     | LUT.others.LUT4      |
    | grp_fir_opt_Pipeline_SWEEP_fu_1113/mul_32s_32s_32_1_1_U106/add_ln43_31_reg_6999_reg[27]_i_1 | CARRY.others.CARRY4  |
    | grp_fir_opt_Pipeline_SWEEP_fu_1113/mul_32s_32s_32_1_1_U106/add_ln43_31_reg_6999_reg[31]_i_1 | CARRY.others.CARRY4  |
    | grp_fir_opt_Pipeline_SWEEP_fu_1113/add_ln43_31_reg_6999_reg[29]                             | FLOP_LATCH.flop.FDRE |
    | grp_fir_opt_Pipeline_SWEEP_fu_1113/ap_enable_reg_pp0_iter1_reg                              | FLOP_LATCH.flop.FDRE |
    | grp_fir_opt_Pipeline_SWEEP_fu_1113/mul_32s_32s_32_1_1_U117/tmp_product__0_i_1__31           | LUT.others.LUT4      |
    | grp_fir_opt_Pipeline_SWEEP_fu_1113/mul_32s_32s_32_1_1_U117/tmp_product__0                   | MULT.dsp.DSP48E1     |
    | grp_fir_opt_Pipeline_SWEEP_fu_1113/mul_32s_32s_32_1_1_U117/tmp_product__1                   | MULT.dsp.DSP48E1     |
    | grp_fir_opt_Pipeline_SWEEP_fu_1113/mul_32s_32s_32_1_1_U117/tmp_product_carry_i_3__38        | LUT.others.LUT2      |
    | grp_fir_opt_Pipeline_SWEEP_fu_1113/mul_32s_32s_32_1_1_U117/tmp_product_carry                | CARRY.others.CARRY4  |
    | grp_fir_opt_Pipeline_SWEEP_fu_1113/mul_32s_32s_32_1_1_U117/tmp_product_carry__0             | CARRY.others.CARRY4  |
    | grp_fir_opt_Pipeline_SWEEP_fu_1113/mul_32s_32s_32_1_1_U117/tmp_product_carry__1             | CARRY.others.CARRY4  |
    | grp_fir_opt_Pipeline_SWEEP_fu_1113/mul_32s_32s_32_1_1_U117/add_ln43_35_reg_7004[27]_i_2     | LUT.others.LUT3      |
    | grp_fir_opt_Pipeline_SWEEP_fu_1113/mul_32s_32s_32_1_1_U117/add_ln43_35_reg_7004[27]_i_6     | LUT.others.LUT4      |
    | grp_fir_opt_Pipeline_SWEEP_fu_1113/mul_32s_32s_32_1_1_U117/add_ln43_35_reg_7004_reg[27]_i_1 | CARRY.others.CARRY4  |
    | grp_fir_opt_Pipeline_SWEEP_fu_1113/mul_32s_32s_32_1_1_U117/add_ln43_35_reg_7004_reg[31]_i_1 | CARRY.others.CARRY4  |
    | grp_fir_opt_Pipeline_SWEEP_fu_1113/add_ln43_35_reg_7004_reg[29]                             | FLOP_LATCH.flop.FDRE |
    | grp_fir_opt_Pipeline_SWEEP_fu_1113/ap_enable_reg_pp0_iter1_reg                              | FLOP_LATCH.flop.FDRE |
    | grp_fir_opt_Pipeline_SWEEP_fu_1113/mul_32s_32s_32_1_1_U135/tmp_product__0_i_1__18           | LUT.others.LUT4      |
    | grp_fir_opt_Pipeline_SWEEP_fu_1113/mul_32s_32s_32_1_1_U135/tmp_product__0                   | MULT.dsp.DSP48E1     |
    | grp_fir_opt_Pipeline_SWEEP_fu_1113/mul_32s_32s_32_1_1_U135/tmp_product__1                   | MULT.dsp.DSP48E1     |
    | grp_fir_opt_Pipeline_SWEEP_fu_1113/mul_32s_32s_32_1_1_U135/tmp_product_carry_i_3__6         | LUT.others.LUT2      |
    | grp_fir_opt_Pipeline_SWEEP_fu_1113/mul_32s_32s_32_1_1_U135/tmp_product_carry                | CARRY.others.CARRY4  |
    | grp_fir_opt_Pipeline_SWEEP_fu_1113/mul_32s_32s_32_1_1_U135/tmp_product_carry__0             | CARRY.others.CARRY4  |
    | grp_fir_opt_Pipeline_SWEEP_fu_1113/mul_32s_32s_32_1_1_U135/tmp_product_carry__1             | CARRY.others.CARRY4  |
    | grp_fir_opt_Pipeline_SWEEP_fu_1113/mul_32s_32s_32_1_1_U135/add_ln43_37_reg_7009[27]_i_2     | LUT.others.LUT3      |
    | grp_fir_opt_Pipeline_SWEEP_fu_1113/mul_32s_32s_32_1_1_U135/add_ln43_37_reg_7009[27]_i_6     | LUT.others.LUT4      |
    | grp_fir_opt_Pipeline_SWEEP_fu_1113/mul_32s_32s_32_1_1_U135/add_ln43_37_reg_7009_reg[27]_i_1 | CARRY.others.CARRY4  |
    | grp_fir_opt_Pipeline_SWEEP_fu_1113/mul_32s_32s_32_1_1_U135/add_ln43_37_reg_7009_reg[31]_i_1 | CARRY.others.CARRY4  |
    | grp_fir_opt_Pipeline_SWEEP_fu_1113/add_ln43_37_reg_7009_reg[29]                             | FLOP_LATCH.flop.FDRE |
    +---------------------------------------------------------------------------------------------+----------------------+


================================================================
== RTL Synthesis Vivado Reports
================================================================
+--------------------------+----------------------------------------------------------------+
| Report Type              | Report Location                                                |
+--------------------------+----------------------------------------------------------------+
| design_analysis          | impl/verilog/report/fir_opt_design_analysis_synth.rpt          |
| failfast                 | impl/verilog/report/fir_opt_failfast_synth.rpt                 |
| power                    | impl/verilog/report/fir_opt_power_synth.rpt                    |
| timing                   | impl/verilog/report/fir_opt_timing_synth.rpt                   |
| timing_paths             | impl/verilog/report/fir_opt_timing_paths_synth.rpt             |
| utilization              | impl/verilog/report/fir_opt_utilization_synth.rpt              |
| utilization_hierarchical | impl/verilog/report/fir_opt_utilization_hierarchical_synth.rpt |
+--------------------------+----------------------------------------------------------------+


