

================================================================
== Vitis HLS Report for 'fir_opt_Pipeline_CO_EFFICIENTS'
================================================================
* Date:           Sat Dec 28 12:55:08 2024

* Version:        2024.2 (Build 5238294 on Nov  8 2024)
* Project:        fir_filter_vitis
* Solution:       hls (Vivado IP Flow Target)
* Product family: zynq
* Target device:  xc7z020-clg400-1


================================================================
== Performance Estimates
================================================================
+ Timing: 
    * Summary: 
    +--------+----------+-----------+------------+
    |  Clock |  Target  | Estimated | Uncertainty|
    +--------+----------+-----------+------------+
    |ap_clk  |  20.00 ns|  14.600 ns|     5.40 ns|
    +--------+----------+-----------+------------+

+ Latency: 
    * Summary: 
    +---------+---------+----------+----------+-----+-----+------------------------------------------------+
    |  Latency (cycles) |  Latency (absolute) |  Interval |                    Pipeline                    |
    |   min   |   max   |    min   |    max   | min | max |                      Type                      |
    +---------+---------+----------+----------+-----+-----+------------------------------------------------+
    |      101|      101|  2.020 us|  2.020 us|  100|  100|  loop auto-rewind stp (delay=0 clock cycles(s))|
    +---------+---------+----------+----------+-----+-----+------------------------------------------------+

    + Detail: 
        * Instance: 
        N/A

        * Loop: 
        +-----------------+---------+---------+----------+-----------+-----------+------+----------+
        |                 |  Latency (cycles) | Iteration|  Initiation Interval  | Trip |          |
        |    Loop Name    |   min   |   max   |  Latency |  achieved |   target  | Count| Pipelined|
        +-----------------+---------+---------+----------+-----------+-----------+------+----------+
        |- CO_EFFICIENTS  |       99|       99|         2|          1|          1|    99|       yes|
        +-----------------+---------+---------+----------+-----------+-----------+------+----------+



================================================================
== Utilization Estimates
================================================================
* Summary: 
+-----------------+---------+-----+--------+-------+-----+
|       Name      | BRAM_18K| DSP |   FF   |  LUT  | URAM|
+-----------------+---------+-----+--------+-------+-----+
|DSP              |        -|    -|       -|      -|    -|
|Expression       |        -|    -|       0|     32|    -|
|FIFO             |        -|    -|       -|      -|    -|
|Instance         |        -|    -|       -|      -|    -|
|Memory           |        -|    -|       -|      -|    -|
|Multiplexer      |        -|    -|       0|     45|    -|
|Register         |        -|    -|      17|      -|    -|
+-----------------+---------+-----+--------+-------+-----+
|Total            |        0|    0|      17|     77|    0|
+-----------------+---------+-----+--------+-------+-----+
|Available        |      280|  220|  106400|  53200|    0|
+-----------------+---------+-----+--------+-------+-----+
|Utilization (%)  |        0|    0|      ~0|     ~0|    0|
+-----------------+---------+-----+--------+-------+-----+

+ Detail: 
    * Instance: 
    N/A

    * DSP: 
    N/A

    * Memory: 
    N/A

    * FIFO: 
    N/A

    * Expression: 
    +---------------------------+----------+----+---+----+------------+------------+
    |       Variable Name       | Operation| DSP| FF| LUT| Bitwidth P0| Bitwidth P1|
    +---------------------------+----------+----+---+----+------------+------------+
    |add_ln19_fu_469_p2         |         +|   0|  0|  14|           7|           1|
    |ap_block_pp0_stage0_11001  |       and|   0|  0|   2|           1|           1|
    |icmp_ln19_fu_463_p2        |      icmp|   0|  0|  14|           7|           6|
    |ap_enable_pp0              |       xor|   0|  0|   2|           1|           2|
    +---------------------------+----------+----+---+----+------------+------------+
    |Total                      |          |   0|  0|  32|          16|          10|
    +---------------------------+----------+----+---+----+------------+------------+

    * Multiplexer: 
    +-------------------------+----+-----------+-----+-----------+
    |           Name          | LUT| Input Size| Bits| Total Bits|
    +-------------------------+----+-----------+-----+-----------+
    |ap_done_int              |   9|          2|    1|          2|
    |ap_enable_reg_pp0_iter1  |   9|          2|    1|          2|
    |ap_sig_allocacmp_i_1     |   9|          2|    7|         14|
    |gmem_blk_n_R             |   9|          2|    1|          2|
    |i_fu_436                 |   9|          2|    7|         14|
    +-------------------------+----+-----------+-----+-----------+
    |Total                    |  45|         10|   17|         34|
    +-------------------------+----+-----------+-----+-----------+

    * Register: 
    +-------------------------+---+----+-----+-----------+
    |           Name          | FF| LUT| Bits| Const Bits|
    +-------------------------+---+----+-----+-----------+
    |ap_CS_fsm                |  1|   0|    1|          0|
    |ap_done_reg              |  1|   0|    1|          0|
    |ap_enable_reg_pp0_iter1  |  1|   0|    1|          0|
    |i_1_reg_1092             |  7|   0|    7|          0|
    |i_fu_436                 |  7|   0|    7|          0|
    +-------------------------+---+----+-----+-----------+
    |Total                    | 17|   0|   17|          0|
    +-------------------------+---+----+-----+-----------+



================================================================
== Interface
================================================================
* Summary: 
+-------------------------------------+-----+-----+------------+--------------------------------+--------------+
|              RTL Ports              | Dir | Bits|  Protocol  |          Source Object         |    C Type    |
+-------------------------------------+-----+-----+------------+--------------------------------+--------------+
|ap_clk                               |   in|    1|  ap_ctrl_hs|  fir_opt_Pipeline_CO_EFFICIENTS|  return value|
|ap_rst                               |   in|    1|  ap_ctrl_hs|  fir_opt_Pipeline_CO_EFFICIENTS|  return value|
|ap_start                             |   in|    1|  ap_ctrl_hs|  fir_opt_Pipeline_CO_EFFICIENTS|  return value|
|ap_done                              |  out|    1|  ap_ctrl_hs|  fir_opt_Pipeline_CO_EFFICIENTS|  return value|
|ap_idle                              |  out|    1|  ap_ctrl_hs|  fir_opt_Pipeline_CO_EFFICIENTS|  return value|
|ap_ready                             |  out|    1|  ap_ctrl_hs|  fir_opt_Pipeline_CO_EFFICIENTS|  return value|
|m_axi_gmem_0_AWVALID                 |  out|    1|       m_axi|                            gmem|       pointer|
|m_axi_gmem_0_AWREADY                 |   in|    1|       m_axi|                            gmem|       pointer|
|m_axi_gmem_0_AWADDR                  |  out|   64|       m_axi|                            gmem|       pointer|
|m_axi_gmem_0_AWID                    |  out|    1|       m_axi|                            gmem|       pointer|
|m_axi_gmem_0_AWLEN                   |  out|   32|       m_axi|                            gmem|       pointer|
|m_axi_gmem_0_AWSIZE                  |  out|    3|       m_axi|                            gmem|       pointer|
|m_axi_gmem_0_AWBURST                 |  out|    2|       m_axi|                            gmem|       pointer|
|m_axi_gmem_0_AWLOCK                  |  out|    2|       m_axi|                            gmem|       pointer|
|m_axi_gmem_0_AWCACHE                 |  out|    4|       m_axi|                            gmem|       pointer|
|m_axi_gmem_0_AWPROT                  |  out|    3|       m_axi|                            gmem|       pointer|
|m_axi_gmem_0_AWQOS                   |  out|    4|       m_axi|                            gmem|       pointer|
|m_axi_gmem_0_AWREGION                |  out|    4|       m_axi|                            gmem|       pointer|
|m_axi_gmem_0_AWUSER                  |  out|    1|       m_axi|                            gmem|       pointer|
|m_axi_gmem_0_WVALID                  |  out|    1|       m_axi|                            gmem|       pointer|
|m_axi_gmem_0_WREADY                  |   in|    1|       m_axi|                            gmem|       pointer|
|m_axi_gmem_0_WDATA                   |  out|   32|       m_axi|                            gmem|       pointer|
|m_axi_gmem_0_WSTRB                   |  out|    4|       m_axi|                            gmem|       pointer|
|m_axi_gmem_0_WLAST                   |  out|    1|       m_axi|                            gmem|       pointer|
|m_axi_gmem_0_WID                     |  out|    1|       m_axi|                            gmem|       pointer|
|m_axi_gmem_0_WUSER                   |  out|    1|       m_axi|                            gmem|       pointer|
|m_axi_gmem_0_ARVALID                 |  out|    1|       m_axi|                            gmem|       pointer|
|m_axi_gmem_0_ARREADY                 |   in|    1|       m_axi|                            gmem|       pointer|
|m_axi_gmem_0_ARADDR                  |  out|   64|       m_axi|                            gmem|       pointer|
|m_axi_gmem_0_ARID                    |  out|    1|       m_axi|                            gmem|       pointer|
|m_axi_gmem_0_ARLEN                   |  out|   32|       m_axi|                            gmem|       pointer|
|m_axi_gmem_0_ARSIZE                  |  out|    3|       m_axi|                            gmem|       pointer|
|m_axi_gmem_0_ARBURST                 |  out|    2|       m_axi|                            gmem|       pointer|
|m_axi_gmem_0_ARLOCK                  |  out|    2|       m_axi|                            gmem|       pointer|
|m_axi_gmem_0_ARCACHE                 |  out|    4|       m_axi|                            gmem|       pointer|
|m_axi_gmem_0_ARPROT                  |  out|    3|       m_axi|                            gmem|       pointer|
|m_axi_gmem_0_ARQOS                   |  out|    4|       m_axi|                            gmem|       pointer|
|m_axi_gmem_0_ARREGION                |  out|    4|       m_axi|                            gmem|       pointer|
|m_axi_gmem_0_ARUSER                  |  out|    1|       m_axi|                            gmem|       pointer|
|m_axi_gmem_0_RVALID                  |   in|    1|       m_axi|                            gmem|       pointer|
|m_axi_gmem_0_RREADY                  |  out|    1|       m_axi|                            gmem|       pointer|
|m_axi_gmem_0_RDATA                   |   in|   32|       m_axi|                            gmem|       pointer|
|m_axi_gmem_0_RLAST                   |   in|    1|       m_axi|                            gmem|       pointer|
|m_axi_gmem_0_RID                     |   in|    1|       m_axi|                            gmem|       pointer|
|m_axi_gmem_0_RFIFONUM                |   in|    9|       m_axi|                            gmem|       pointer|
|m_axi_gmem_0_RUSER                   |   in|    1|       m_axi|                            gmem|       pointer|
|m_axi_gmem_0_RRESP                   |   in|    2|       m_axi|                            gmem|       pointer|
|m_axi_gmem_0_BVALID                  |   in|    1|       m_axi|                            gmem|       pointer|
|m_axi_gmem_0_BREADY                  |  out|    1|       m_axi|                            gmem|       pointer|
|m_axi_gmem_0_BRESP                   |   in|    2|       m_axi|                            gmem|       pointer|
|m_axi_gmem_0_BID                     |   in|    1|       m_axi|                            gmem|       pointer|
|m_axi_gmem_0_BUSER                   |   in|    1|       m_axi|                            gmem|       pointer|
|sext_ln19                            |   in|   62|     ap_none|                       sext_ln19|        scalar|
|fir_opt_int_int_int_int_co           |  out|   32|      ap_vld|      fir_opt_int_int_int_int_co|       pointer|
|fir_opt_int_int_int_int_co_ap_vld    |  out|    1|      ap_vld|      fir_opt_int_int_int_int_co|       pointer|
|fir_opt_int_int_int_int_co_1         |  out|   32|      ap_vld|    fir_opt_int_int_int_int_co_1|       pointer|
|fir_opt_int_int_int_int_co_1_ap_vld  |  out|    1|      ap_vld|    fir_opt_int_int_int_int_co_1|       pointer|
|fir_opt_int_int_int_int_co_2         |  out|   32|      ap_vld|    fir_opt_int_int_int_int_co_2|       pointer|
|fir_opt_int_int_int_int_co_2_ap_vld  |  out|    1|      ap_vld|    fir_opt_int_int_int_int_co_2|       pointer|
|fir_opt_int_int_int_int_co_3         |  out|   32|      ap_vld|    fir_opt_int_int_int_int_co_3|       pointer|
|fir_opt_int_int_int_int_co_3_ap_vld  |  out|    1|      ap_vld|    fir_opt_int_int_int_int_co_3|       pointer|
|fir_opt_int_int_int_int_co_4         |  out|   32|      ap_vld|    fir_opt_int_int_int_int_co_4|       pointer|
|fir_opt_int_int_int_int_co_4_ap_vld  |  out|    1|      ap_vld|    fir_opt_int_int_int_int_co_4|       pointer|
|fir_opt_int_int_int_int_co_5         |  out|   32|      ap_vld|    fir_opt_int_int_int_int_co_5|       pointer|
|fir_opt_int_int_int_int_co_5_ap_vld  |  out|    1|      ap_vld|    fir_opt_int_int_int_int_co_5|       pointer|
|fir_opt_int_int_int_int_co_6         |  out|   32|      ap_vld|    fir_opt_int_int_int_int_co_6|       pointer|
|fir_opt_int_int_int_int_co_6_ap_vld  |  out|    1|      ap_vld|    fir_opt_int_int_int_int_co_6|       pointer|
|fir_opt_int_int_int_int_co_7         |  out|   32|      ap_vld|    fir_opt_int_int_int_int_co_7|       pointer|
|fir_opt_int_int_int_int_co_7_ap_vld  |  out|    1|      ap_vld|    fir_opt_int_int_int_int_co_7|       pointer|
|fir_opt_int_int_int_int_co_8         |  out|   32|      ap_vld|    fir_opt_int_int_int_int_co_8|       pointer|
|fir_opt_int_int_int_int_co_8_ap_vld  |  out|    1|      ap_vld|    fir_opt_int_int_int_int_co_8|       pointer|
|fir_opt_int_int_int_int_co_9         |  out|   32|      ap_vld|    fir_opt_int_int_int_int_co_9|       pointer|
|fir_opt_int_int_int_int_co_9_ap_vld  |  out|    1|      ap_vld|    fir_opt_int_int_int_int_co_9|       pointer|
|p_ZZ7fir_optPiS_iS_E2co_10           |  out|   32|      ap_vld|      p_ZZ7fir_optPiS_iS_E2co_10|       pointer|
|p_ZZ7fir_optPiS_iS_E2co_10_ap_vld    |  out|    1|      ap_vld|      p_ZZ7fir_optPiS_iS_E2co_10|       pointer|
|p_ZZ7fir_optPiS_iS_E2co_11           |  out|   32|      ap_vld|      p_ZZ7fir_optPiS_iS_E2co_11|       pointer|
|p_ZZ7fir_optPiS_iS_E2co_11_ap_vld    |  out|    1|      ap_vld|      p_ZZ7fir_optPiS_iS_E2co_11|       pointer|
|p_ZZ7fir_optPiS_iS_E2co_12           |  out|   32|      ap_vld|      p_ZZ7fir_optPiS_iS_E2co_12|       pointer|
|p_ZZ7fir_optPiS_iS_E2co_12_ap_vld    |  out|    1|      ap_vld|      p_ZZ7fir_optPiS_iS_E2co_12|       pointer|
|p_ZZ7fir_optPiS_iS_E2co_13           |  out|   32|      ap_vld|      p_ZZ7fir_optPiS_iS_E2co_13|       pointer|
|p_ZZ7fir_optPiS_iS_E2co_13_ap_vld    |  out|    1|      ap_vld|      p_ZZ7fir_optPiS_iS_E2co_13|       pointer|
|p_ZZ7fir_optPiS_iS_E2co_14           |  out|   32|      ap_vld|      p_ZZ7fir_optPiS_iS_E2co_14|       pointer|
|p_ZZ7fir_optPiS_iS_E2co_14_ap_vld    |  out|    1|      ap_vld|      p_ZZ7fir_optPiS_iS_E2co_14|       pointer|
|p_ZZ7fir_optPiS_iS_E2co_15           |  out|   32|      ap_vld|      p_ZZ7fir_optPiS_iS_E2co_15|       pointer|
|p_ZZ7fir_optPiS_iS_E2co_15_ap_vld    |  out|    1|      ap_vld|      p_ZZ7fir_optPiS_iS_E2co_15|       pointer|
|p_ZZ7fir_optPiS_iS_E2co_16           |  out|   32|      ap_vld|      p_ZZ7fir_optPiS_iS_E2co_16|       pointer|
|p_ZZ7fir_optPiS_iS_E2co_16_ap_vld    |  out|    1|      ap_vld|      p_ZZ7fir_optPiS_iS_E2co_16|       pointer|
|p_ZZ7fir_optPiS_iS_E2co_17           |  out|   32|      ap_vld|      p_ZZ7fir_optPiS_iS_E2co_17|       pointer|
|p_ZZ7fir_optPiS_iS_E2co_17_ap_vld    |  out|    1|      ap_vld|      p_ZZ7fir_optPiS_iS_E2co_17|       pointer|
|p_ZZ7fir_optPiS_iS_E2co_18           |  out|   32|      ap_vld|      p_ZZ7fir_optPiS_iS_E2co_18|       pointer|
|p_ZZ7fir_optPiS_iS_E2co_18_ap_vld    |  out|    1|      ap_vld|      p_ZZ7fir_optPiS_iS_E2co_18|       pointer|
|p_ZZ7fir_optPiS_iS_E2co_19           |  out|   32|      ap_vld|      p_ZZ7fir_optPiS_iS_E2co_19|       pointer|
|p_ZZ7fir_optPiS_iS_E2co_19_ap_vld    |  out|    1|      ap_vld|      p_ZZ7fir_optPiS_iS_E2co_19|       pointer|
|p_ZZ7fir_optPiS_iS_E2co_20           |  out|   32|      ap_vld|      p_ZZ7fir_optPiS_iS_E2co_20|       pointer|
|p_ZZ7fir_optPiS_iS_E2co_20_ap_vld    |  out|    1|      ap_vld|      p_ZZ7fir_optPiS_iS_E2co_20|       pointer|
|p_ZZ7fir_optPiS_iS_E2co_21           |  out|   32|      ap_vld|      p_ZZ7fir_optPiS_iS_E2co_21|       pointer|
|p_ZZ7fir_optPiS_iS_E2co_21_ap_vld    |  out|    1|      ap_vld|      p_ZZ7fir_optPiS_iS_E2co_21|       pointer|
|p_ZZ7fir_optPiS_iS_E2co_22           |  out|   32|      ap_vld|      p_ZZ7fir_optPiS_iS_E2co_22|       pointer|
|p_ZZ7fir_optPiS_iS_E2co_22_ap_vld    |  out|    1|      ap_vld|      p_ZZ7fir_optPiS_iS_E2co_22|       pointer|
|p_ZZ7fir_optPiS_iS_E2co_23           |  out|   32|      ap_vld|      p_ZZ7fir_optPiS_iS_E2co_23|       pointer|
|p_ZZ7fir_optPiS_iS_E2co_23_ap_vld    |  out|    1|      ap_vld|      p_ZZ7fir_optPiS_iS_E2co_23|       pointer|
|p_ZZ7fir_optPiS_iS_E2co_24           |  out|   32|      ap_vld|      p_ZZ7fir_optPiS_iS_E2co_24|       pointer|
|p_ZZ7fir_optPiS_iS_E2co_24_ap_vld    |  out|    1|      ap_vld|      p_ZZ7fir_optPiS_iS_E2co_24|       pointer|
|p_ZZ7fir_optPiS_iS_E2co_25           |  out|   32|      ap_vld|      p_ZZ7fir_optPiS_iS_E2co_25|       pointer|
|p_ZZ7fir_optPiS_iS_E2co_25_ap_vld    |  out|    1|      ap_vld|      p_ZZ7fir_optPiS_iS_E2co_25|       pointer|
|p_ZZ7fir_optPiS_iS_E2co_26           |  out|   32|      ap_vld|      p_ZZ7fir_optPiS_iS_E2co_26|       pointer|
|p_ZZ7fir_optPiS_iS_E2co_26_ap_vld    |  out|    1|      ap_vld|      p_ZZ7fir_optPiS_iS_E2co_26|       pointer|
|p_ZZ7fir_optPiS_iS_E2co_27           |  out|   32|      ap_vld|      p_ZZ7fir_optPiS_iS_E2co_27|       pointer|
|p_ZZ7fir_optPiS_iS_E2co_27_ap_vld    |  out|    1|      ap_vld|      p_ZZ7fir_optPiS_iS_E2co_27|       pointer|
|p_ZZ7fir_optPiS_iS_E2co_28           |  out|   32|      ap_vld|      p_ZZ7fir_optPiS_iS_E2co_28|       pointer|
|p_ZZ7fir_optPiS_iS_E2co_28_ap_vld    |  out|    1|      ap_vld|      p_ZZ7fir_optPiS_iS_E2co_28|       pointer|
|p_ZZ7fir_optPiS_iS_E2co_29           |  out|   32|      ap_vld|      p_ZZ7fir_optPiS_iS_E2co_29|       pointer|
|p_ZZ7fir_optPiS_iS_E2co_29_ap_vld    |  out|    1|      ap_vld|      p_ZZ7fir_optPiS_iS_E2co_29|       pointer|
|p_ZZ7fir_optPiS_iS_E2co_30           |  out|   32|      ap_vld|      p_ZZ7fir_optPiS_iS_E2co_30|       pointer|
|p_ZZ7fir_optPiS_iS_E2co_30_ap_vld    |  out|    1|      ap_vld|      p_ZZ7fir_optPiS_iS_E2co_30|       pointer|
|p_ZZ7fir_optPiS_iS_E2co_31           |  out|   32|      ap_vld|      p_ZZ7fir_optPiS_iS_E2co_31|       pointer|
|p_ZZ7fir_optPiS_iS_E2co_31_ap_vld    |  out|    1|      ap_vld|      p_ZZ7fir_optPiS_iS_E2co_31|       pointer|
|p_ZZ7fir_optPiS_iS_E2co_32           |  out|   32|      ap_vld|      p_ZZ7fir_optPiS_iS_E2co_32|       pointer|
|p_ZZ7fir_optPiS_iS_E2co_32_ap_vld    |  out|    1|      ap_vld|      p_ZZ7fir_optPiS_iS_E2co_32|       pointer|
|p_ZZ7fir_optPiS_iS_E2co_33           |  out|   32|      ap_vld|      p_ZZ7fir_optPiS_iS_E2co_33|       pointer|
|p_ZZ7fir_optPiS_iS_E2co_33_ap_vld    |  out|    1|      ap_vld|      p_ZZ7fir_optPiS_iS_E2co_33|       pointer|
|p_ZZ7fir_optPiS_iS_E2co_34           |  out|   32|      ap_vld|      p_ZZ7fir_optPiS_iS_E2co_34|       pointer|
|p_ZZ7fir_optPiS_iS_E2co_34_ap_vld    |  out|    1|      ap_vld|      p_ZZ7fir_optPiS_iS_E2co_34|       pointer|
|p_ZZ7fir_optPiS_iS_E2co_35           |  out|   32|      ap_vld|      p_ZZ7fir_optPiS_iS_E2co_35|       pointer|
|p_ZZ7fir_optPiS_iS_E2co_35_ap_vld    |  out|    1|      ap_vld|      p_ZZ7fir_optPiS_iS_E2co_35|       pointer|
|p_ZZ7fir_optPiS_iS_E2co_36           |  out|   32|      ap_vld|      p_ZZ7fir_optPiS_iS_E2co_36|       pointer|
|p_ZZ7fir_optPiS_iS_E2co_36_ap_vld    |  out|    1|      ap_vld|      p_ZZ7fir_optPiS_iS_E2co_36|       pointer|
|p_ZZ7fir_optPiS_iS_E2co_37           |  out|   32|      ap_vld|      p_ZZ7fir_optPiS_iS_E2co_37|       pointer|
|p_ZZ7fir_optPiS_iS_E2co_37_ap_vld    |  out|    1|      ap_vld|      p_ZZ7fir_optPiS_iS_E2co_37|       pointer|
|p_ZZ7fir_optPiS_iS_E2co_38           |  out|   32|      ap_vld|      p_ZZ7fir_optPiS_iS_E2co_38|       pointer|
|p_ZZ7fir_optPiS_iS_E2co_38_ap_vld    |  out|    1|      ap_vld|      p_ZZ7fir_optPiS_iS_E2co_38|       pointer|
|p_ZZ7fir_optPiS_iS_E2co_39           |  out|   32|      ap_vld|      p_ZZ7fir_optPiS_iS_E2co_39|       pointer|
|p_ZZ7fir_optPiS_iS_E2co_39_ap_vld    |  out|    1|      ap_vld|      p_ZZ7fir_optPiS_iS_E2co_39|       pointer|
|p_ZZ7fir_optPiS_iS_E2co_40           |  out|   32|      ap_vld|      p_ZZ7fir_optPiS_iS_E2co_40|       pointer|
|p_ZZ7fir_optPiS_iS_E2co_40_ap_vld    |  out|    1|      ap_vld|      p_ZZ7fir_optPiS_iS_E2co_40|       pointer|
|p_ZZ7fir_optPiS_iS_E2co_41           |  out|   32|      ap_vld|      p_ZZ7fir_optPiS_iS_E2co_41|       pointer|
|p_ZZ7fir_optPiS_iS_E2co_41_ap_vld    |  out|    1|      ap_vld|      p_ZZ7fir_optPiS_iS_E2co_41|       pointer|
|p_ZZ7fir_optPiS_iS_E2co_42           |  out|   32|      ap_vld|      p_ZZ7fir_optPiS_iS_E2co_42|       pointer|
|p_ZZ7fir_optPiS_iS_E2co_42_ap_vld    |  out|    1|      ap_vld|      p_ZZ7fir_optPiS_iS_E2co_42|       pointer|
|p_ZZ7fir_optPiS_iS_E2co_43           |  out|   32|      ap_vld|      p_ZZ7fir_optPiS_iS_E2co_43|       pointer|
|p_ZZ7fir_optPiS_iS_E2co_43_ap_vld    |  out|    1|      ap_vld|      p_ZZ7fir_optPiS_iS_E2co_43|       pointer|
|p_ZZ7fir_optPiS_iS_E2co_44           |  out|   32|      ap_vld|      p_ZZ7fir_optPiS_iS_E2co_44|       pointer|
|p_ZZ7fir_optPiS_iS_E2co_44_ap_vld    |  out|    1|      ap_vld|      p_ZZ7fir_optPiS_iS_E2co_44|       pointer|
|p_ZZ7fir_optPiS_iS_E2co_45           |  out|   32|      ap_vld|      p_ZZ7fir_optPiS_iS_E2co_45|       pointer|
|p_ZZ7fir_optPiS_iS_E2co_45_ap_vld    |  out|    1|      ap_vld|      p_ZZ7fir_optPiS_iS_E2co_45|       pointer|
|p_ZZ7fir_optPiS_iS_E2co_46           |  out|   32|      ap_vld|      p_ZZ7fir_optPiS_iS_E2co_46|       pointer|
|p_ZZ7fir_optPiS_iS_E2co_46_ap_vld    |  out|    1|      ap_vld|      p_ZZ7fir_optPiS_iS_E2co_46|       pointer|
|p_ZZ7fir_optPiS_iS_E2co_47           |  out|   32|      ap_vld|      p_ZZ7fir_optPiS_iS_E2co_47|       pointer|
|p_ZZ7fir_optPiS_iS_E2co_47_ap_vld    |  out|    1|      ap_vld|      p_ZZ7fir_optPiS_iS_E2co_47|       pointer|
|p_ZZ7fir_optPiS_iS_E2co_48           |  out|   32|      ap_vld|      p_ZZ7fir_optPiS_iS_E2co_48|       pointer|
|p_ZZ7fir_optPiS_iS_E2co_48_ap_vld    |  out|    1|      ap_vld|      p_ZZ7fir_optPiS_iS_E2co_48|       pointer|
|p_ZZ7fir_optPiS_iS_E2co_49           |  out|   32|      ap_vld|      p_ZZ7fir_optPiS_iS_E2co_49|       pointer|
|p_ZZ7fir_optPiS_iS_E2co_49_ap_vld    |  out|    1|      ap_vld|      p_ZZ7fir_optPiS_iS_E2co_49|       pointer|
|p_ZZ7fir_optPiS_iS_E2co_50           |  out|   32|      ap_vld|      p_ZZ7fir_optPiS_iS_E2co_50|       pointer|
|p_ZZ7fir_optPiS_iS_E2co_50_ap_vld    |  out|    1|      ap_vld|      p_ZZ7fir_optPiS_iS_E2co_50|       pointer|
|p_ZZ7fir_optPiS_iS_E2co_51           |  out|   32|      ap_vld|      p_ZZ7fir_optPiS_iS_E2co_51|       pointer|
|p_ZZ7fir_optPiS_iS_E2co_51_ap_vld    |  out|    1|      ap_vld|      p_ZZ7fir_optPiS_iS_E2co_51|       pointer|
|p_ZZ7fir_optPiS_iS_E2co_52           |  out|   32|      ap_vld|      p_ZZ7fir_optPiS_iS_E2co_52|       pointer|
|p_ZZ7fir_optPiS_iS_E2co_52_ap_vld    |  out|    1|      ap_vld|      p_ZZ7fir_optPiS_iS_E2co_52|       pointer|
|p_ZZ7fir_optPiS_iS_E2co_53           |  out|   32|      ap_vld|      p_ZZ7fir_optPiS_iS_E2co_53|       pointer|
|p_ZZ7fir_optPiS_iS_E2co_53_ap_vld    |  out|    1|      ap_vld|      p_ZZ7fir_optPiS_iS_E2co_53|       pointer|
|p_ZZ7fir_optPiS_iS_E2co_54           |  out|   32|      ap_vld|      p_ZZ7fir_optPiS_iS_E2co_54|       pointer|
|p_ZZ7fir_optPiS_iS_E2co_54_ap_vld    |  out|    1|      ap_vld|      p_ZZ7fir_optPiS_iS_E2co_54|       pointer|
|p_ZZ7fir_optPiS_iS_E2co_55           |  out|   32|      ap_vld|      p_ZZ7fir_optPiS_iS_E2co_55|       pointer|
|p_ZZ7fir_optPiS_iS_E2co_55_ap_vld    |  out|    1|      ap_vld|      p_ZZ7fir_optPiS_iS_E2co_55|       pointer|
|p_ZZ7fir_optPiS_iS_E2co_56           |  out|   32|      ap_vld|      p_ZZ7fir_optPiS_iS_E2co_56|       pointer|
|p_ZZ7fir_optPiS_iS_E2co_56_ap_vld    |  out|    1|      ap_vld|      p_ZZ7fir_optPiS_iS_E2co_56|       pointer|
|p_ZZ7fir_optPiS_iS_E2co_57           |  out|   32|      ap_vld|      p_ZZ7fir_optPiS_iS_E2co_57|       pointer|
|p_ZZ7fir_optPiS_iS_E2co_57_ap_vld    |  out|    1|      ap_vld|      p_ZZ7fir_optPiS_iS_E2co_57|       pointer|
|p_ZZ7fir_optPiS_iS_E2co_58           |  out|   32|      ap_vld|      p_ZZ7fir_optPiS_iS_E2co_58|       pointer|
|p_ZZ7fir_optPiS_iS_E2co_58_ap_vld    |  out|    1|      ap_vld|      p_ZZ7fir_optPiS_iS_E2co_58|       pointer|
|p_ZZ7fir_optPiS_iS_E2co_59           |  out|   32|      ap_vld|      p_ZZ7fir_optPiS_iS_E2co_59|       pointer|
|p_ZZ7fir_optPiS_iS_E2co_59_ap_vld    |  out|    1|      ap_vld|      p_ZZ7fir_optPiS_iS_E2co_59|       pointer|
|p_ZZ7fir_optPiS_iS_E2co_60           |  out|   32|      ap_vld|      p_ZZ7fir_optPiS_iS_E2co_60|       pointer|
|p_ZZ7fir_optPiS_iS_E2co_60_ap_vld    |  out|    1|      ap_vld|      p_ZZ7fir_optPiS_iS_E2co_60|       pointer|
|p_ZZ7fir_optPiS_iS_E2co_61           |  out|   32|      ap_vld|      p_ZZ7fir_optPiS_iS_E2co_61|       pointer|
|p_ZZ7fir_optPiS_iS_E2co_61_ap_vld    |  out|    1|      ap_vld|      p_ZZ7fir_optPiS_iS_E2co_61|       pointer|
|p_ZZ7fir_optPiS_iS_E2co_62           |  out|   32|      ap_vld|      p_ZZ7fir_optPiS_iS_E2co_62|       pointer|
|p_ZZ7fir_optPiS_iS_E2co_62_ap_vld    |  out|    1|      ap_vld|      p_ZZ7fir_optPiS_iS_E2co_62|       pointer|
|p_ZZ7fir_optPiS_iS_E2co_63           |  out|   32|      ap_vld|      p_ZZ7fir_optPiS_iS_E2co_63|       pointer|
|p_ZZ7fir_optPiS_iS_E2co_63_ap_vld    |  out|    1|      ap_vld|      p_ZZ7fir_optPiS_iS_E2co_63|       pointer|
|p_ZZ7fir_optPiS_iS_E2co_64           |  out|   32|      ap_vld|      p_ZZ7fir_optPiS_iS_E2co_64|       pointer|
|p_ZZ7fir_optPiS_iS_E2co_64_ap_vld    |  out|    1|      ap_vld|      p_ZZ7fir_optPiS_iS_E2co_64|       pointer|
|p_ZZ7fir_optPiS_iS_E2co_65           |  out|   32|      ap_vld|      p_ZZ7fir_optPiS_iS_E2co_65|       pointer|
|p_ZZ7fir_optPiS_iS_E2co_65_ap_vld    |  out|    1|      ap_vld|      p_ZZ7fir_optPiS_iS_E2co_65|       pointer|
|p_ZZ7fir_optPiS_iS_E2co_66           |  out|   32|      ap_vld|      p_ZZ7fir_optPiS_iS_E2co_66|       pointer|
|p_ZZ7fir_optPiS_iS_E2co_66_ap_vld    |  out|    1|      ap_vld|      p_ZZ7fir_optPiS_iS_E2co_66|       pointer|
|p_ZZ7fir_optPiS_iS_E2co_67           |  out|   32|      ap_vld|      p_ZZ7fir_optPiS_iS_E2co_67|       pointer|
|p_ZZ7fir_optPiS_iS_E2co_67_ap_vld    |  out|    1|      ap_vld|      p_ZZ7fir_optPiS_iS_E2co_67|       pointer|
|p_ZZ7fir_optPiS_iS_E2co_68           |  out|   32|      ap_vld|      p_ZZ7fir_optPiS_iS_E2co_68|       pointer|
|p_ZZ7fir_optPiS_iS_E2co_68_ap_vld    |  out|    1|      ap_vld|      p_ZZ7fir_optPiS_iS_E2co_68|       pointer|
|p_ZZ7fir_optPiS_iS_E2co_69           |  out|   32|      ap_vld|      p_ZZ7fir_optPiS_iS_E2co_69|       pointer|
|p_ZZ7fir_optPiS_iS_E2co_69_ap_vld    |  out|    1|      ap_vld|      p_ZZ7fir_optPiS_iS_E2co_69|       pointer|
|p_ZZ7fir_optPiS_iS_E2co_70           |  out|   32|      ap_vld|      p_ZZ7fir_optPiS_iS_E2co_70|       pointer|
|p_ZZ7fir_optPiS_iS_E2co_70_ap_vld    |  out|    1|      ap_vld|      p_ZZ7fir_optPiS_iS_E2co_70|       pointer|
|p_ZZ7fir_optPiS_iS_E2co_71           |  out|   32|      ap_vld|      p_ZZ7fir_optPiS_iS_E2co_71|       pointer|
|p_ZZ7fir_optPiS_iS_E2co_71_ap_vld    |  out|    1|      ap_vld|      p_ZZ7fir_optPiS_iS_E2co_71|       pointer|
|p_ZZ7fir_optPiS_iS_E2co_72           |  out|   32|      ap_vld|      p_ZZ7fir_optPiS_iS_E2co_72|       pointer|
|p_ZZ7fir_optPiS_iS_E2co_72_ap_vld    |  out|    1|      ap_vld|      p_ZZ7fir_optPiS_iS_E2co_72|       pointer|
|p_ZZ7fir_optPiS_iS_E2co_73           |  out|   32|      ap_vld|      p_ZZ7fir_optPiS_iS_E2co_73|       pointer|
|p_ZZ7fir_optPiS_iS_E2co_73_ap_vld    |  out|    1|      ap_vld|      p_ZZ7fir_optPiS_iS_E2co_73|       pointer|
|p_ZZ7fir_optPiS_iS_E2co_74           |  out|   32|      ap_vld|      p_ZZ7fir_optPiS_iS_E2co_74|       pointer|
|p_ZZ7fir_optPiS_iS_E2co_74_ap_vld    |  out|    1|      ap_vld|      p_ZZ7fir_optPiS_iS_E2co_74|       pointer|
|p_ZZ7fir_optPiS_iS_E2co_75           |  out|   32|      ap_vld|      p_ZZ7fir_optPiS_iS_E2co_75|       pointer|
|p_ZZ7fir_optPiS_iS_E2co_75_ap_vld    |  out|    1|      ap_vld|      p_ZZ7fir_optPiS_iS_E2co_75|       pointer|
|p_ZZ7fir_optPiS_iS_E2co_76           |  out|   32|      ap_vld|      p_ZZ7fir_optPiS_iS_E2co_76|       pointer|
|p_ZZ7fir_optPiS_iS_E2co_76_ap_vld    |  out|    1|      ap_vld|      p_ZZ7fir_optPiS_iS_E2co_76|       pointer|
|p_ZZ7fir_optPiS_iS_E2co_77           |  out|   32|      ap_vld|      p_ZZ7fir_optPiS_iS_E2co_77|       pointer|
|p_ZZ7fir_optPiS_iS_E2co_77_ap_vld    |  out|    1|      ap_vld|      p_ZZ7fir_optPiS_iS_E2co_77|       pointer|
|p_ZZ7fir_optPiS_iS_E2co_78           |  out|   32|      ap_vld|      p_ZZ7fir_optPiS_iS_E2co_78|       pointer|
|p_ZZ7fir_optPiS_iS_E2co_78_ap_vld    |  out|    1|      ap_vld|      p_ZZ7fir_optPiS_iS_E2co_78|       pointer|
|p_ZZ7fir_optPiS_iS_E2co_79           |  out|   32|      ap_vld|      p_ZZ7fir_optPiS_iS_E2co_79|       pointer|
|p_ZZ7fir_optPiS_iS_E2co_79_ap_vld    |  out|    1|      ap_vld|      p_ZZ7fir_optPiS_iS_E2co_79|       pointer|
|p_ZZ7fir_optPiS_iS_E2co_80           |  out|   32|      ap_vld|      p_ZZ7fir_optPiS_iS_E2co_80|       pointer|
|p_ZZ7fir_optPiS_iS_E2co_80_ap_vld    |  out|    1|      ap_vld|      p_ZZ7fir_optPiS_iS_E2co_80|       pointer|
|p_ZZ7fir_optPiS_iS_E2co_81           |  out|   32|      ap_vld|      p_ZZ7fir_optPiS_iS_E2co_81|       pointer|
|p_ZZ7fir_optPiS_iS_E2co_81_ap_vld    |  out|    1|      ap_vld|      p_ZZ7fir_optPiS_iS_E2co_81|       pointer|
|p_ZZ7fir_optPiS_iS_E2co_82           |  out|   32|      ap_vld|      p_ZZ7fir_optPiS_iS_E2co_82|       pointer|
|p_ZZ7fir_optPiS_iS_E2co_82_ap_vld    |  out|    1|      ap_vld|      p_ZZ7fir_optPiS_iS_E2co_82|       pointer|
|p_ZZ7fir_optPiS_iS_E2co_83           |  out|   32|      ap_vld|      p_ZZ7fir_optPiS_iS_E2co_83|       pointer|
|p_ZZ7fir_optPiS_iS_E2co_83_ap_vld    |  out|    1|      ap_vld|      p_ZZ7fir_optPiS_iS_E2co_83|       pointer|
|p_ZZ7fir_optPiS_iS_E2co_84           |  out|   32|      ap_vld|      p_ZZ7fir_optPiS_iS_E2co_84|       pointer|
|p_ZZ7fir_optPiS_iS_E2co_84_ap_vld    |  out|    1|      ap_vld|      p_ZZ7fir_optPiS_iS_E2co_84|       pointer|
|p_ZZ7fir_optPiS_iS_E2co_85           |  out|   32|      ap_vld|      p_ZZ7fir_optPiS_iS_E2co_85|       pointer|
|p_ZZ7fir_optPiS_iS_E2co_85_ap_vld    |  out|    1|      ap_vld|      p_ZZ7fir_optPiS_iS_E2co_85|       pointer|
|p_ZZ7fir_optPiS_iS_E2co_86           |  out|   32|      ap_vld|      p_ZZ7fir_optPiS_iS_E2co_86|       pointer|
|p_ZZ7fir_optPiS_iS_E2co_86_ap_vld    |  out|    1|      ap_vld|      p_ZZ7fir_optPiS_iS_E2co_86|       pointer|
|p_ZZ7fir_optPiS_iS_E2co_87           |  out|   32|      ap_vld|      p_ZZ7fir_optPiS_iS_E2co_87|       pointer|
|p_ZZ7fir_optPiS_iS_E2co_87_ap_vld    |  out|    1|      ap_vld|      p_ZZ7fir_optPiS_iS_E2co_87|       pointer|
|p_ZZ7fir_optPiS_iS_E2co_88           |  out|   32|      ap_vld|      p_ZZ7fir_optPiS_iS_E2co_88|       pointer|
|p_ZZ7fir_optPiS_iS_E2co_88_ap_vld    |  out|    1|      ap_vld|      p_ZZ7fir_optPiS_iS_E2co_88|       pointer|
|p_ZZ7fir_optPiS_iS_E2co_89           |  out|   32|      ap_vld|      p_ZZ7fir_optPiS_iS_E2co_89|       pointer|
|p_ZZ7fir_optPiS_iS_E2co_89_ap_vld    |  out|    1|      ap_vld|      p_ZZ7fir_optPiS_iS_E2co_89|       pointer|
|p_ZZ7fir_optPiS_iS_E2co_90           |  out|   32|      ap_vld|      p_ZZ7fir_optPiS_iS_E2co_90|       pointer|
|p_ZZ7fir_optPiS_iS_E2co_90_ap_vld    |  out|    1|      ap_vld|      p_ZZ7fir_optPiS_iS_E2co_90|       pointer|
|p_ZZ7fir_optPiS_iS_E2co_91           |  out|   32|      ap_vld|      p_ZZ7fir_optPiS_iS_E2co_91|       pointer|
|p_ZZ7fir_optPiS_iS_E2co_91_ap_vld    |  out|    1|      ap_vld|      p_ZZ7fir_optPiS_iS_E2co_91|       pointer|
|p_ZZ7fir_optPiS_iS_E2co_92           |  out|   32|      ap_vld|      p_ZZ7fir_optPiS_iS_E2co_92|       pointer|
|p_ZZ7fir_optPiS_iS_E2co_92_ap_vld    |  out|    1|      ap_vld|      p_ZZ7fir_optPiS_iS_E2co_92|       pointer|
|p_ZZ7fir_optPiS_iS_E2co_93           |  out|   32|      ap_vld|      p_ZZ7fir_optPiS_iS_E2co_93|       pointer|
|p_ZZ7fir_optPiS_iS_E2co_93_ap_vld    |  out|    1|      ap_vld|      p_ZZ7fir_optPiS_iS_E2co_93|       pointer|
|p_ZZ7fir_optPiS_iS_E2co_94           |  out|   32|      ap_vld|      p_ZZ7fir_optPiS_iS_E2co_94|       pointer|
|p_ZZ7fir_optPiS_iS_E2co_94_ap_vld    |  out|    1|      ap_vld|      p_ZZ7fir_optPiS_iS_E2co_94|       pointer|
|p_ZZ7fir_optPiS_iS_E2co_95           |  out|   32|      ap_vld|      p_ZZ7fir_optPiS_iS_E2co_95|       pointer|
|p_ZZ7fir_optPiS_iS_E2co_95_ap_vld    |  out|    1|      ap_vld|      p_ZZ7fir_optPiS_iS_E2co_95|       pointer|
|p_ZZ7fir_optPiS_iS_E2co_96           |  out|   32|      ap_vld|      p_ZZ7fir_optPiS_iS_E2co_96|       pointer|
|p_ZZ7fir_optPiS_iS_E2co_96_ap_vld    |  out|    1|      ap_vld|      p_ZZ7fir_optPiS_iS_E2co_96|       pointer|
|p_ZZ7fir_optPiS_iS_E2co_97           |  out|   32|      ap_vld|      p_ZZ7fir_optPiS_iS_E2co_97|       pointer|
|p_ZZ7fir_optPiS_iS_E2co_97_ap_vld    |  out|    1|      ap_vld|      p_ZZ7fir_optPiS_iS_E2co_97|       pointer|
|p_ZZ7fir_optPiS_iS_E2co_98           |  out|   32|      ap_vld|      p_ZZ7fir_optPiS_iS_E2co_98|       pointer|
|p_ZZ7fir_optPiS_iS_E2co_98_ap_vld    |  out|    1|      ap_vld|      p_ZZ7fir_optPiS_iS_E2co_98|       pointer|
+-------------------------------------+-----+-----+------------+--------------------------------+--------------+

